../Core/Src/main.c:76:6:delay_1us	16	static
../Core/Src/main.c:81:6:LCD_Command	32	static
../Core/Src/main.c:93:6:LCD_Data	32	static
../Core/Src/main.c:105:6:LCD_Init	8	static
../Core/Src/main.c:131:6:LCD_GotoXY	24	static
../Core/Src/main.c:139:6:LCD_String	16	static
../Core/Src/main.c:147:6:LCD_GotoXY_String	24	static
../Core/Src/main.c:177:10:bytestowrite	16	static
../Core/Src/main.c:182:6:EEPROM_Write	64	static
../Core/Src/main.c:216:6:Int2String1	16	static
../Core/Src/main.c:221:6:EEPROM_Read	64	static
../Core/Src/main.c:242:6:EEPROM_PageErase	104	static
../Core/Src/main.c:257:6:Flash_Erase	40	static
../Core/Src/main.c:269:6:Flash_WriteData	24	static
../Core/Src/main.c:275:5:Flash_ReadData	16	static
../Core/Src/main.c:279:6:Int2String	16	static
../Core/Src/main.c:284:6:Set_Pin_Output	32	static
../Core/Src/main.c:294:6:Set_Pin_Input	32	static
../Core/Src/main.c:307:6:DHT11_Init	8	static
../Core/Src/main.c:316:9:DHT11_Check	16	static
../Core/Src/main.c:331:9:DHT11_Read	16	static
../Core/Src/main.c:347:6:HAL_TIM_PeriodElapsedCallback	16	static
../Core/Src/main.c:387:6:HAL_UART_RxCpltCallback	16	static
../Core/Src/main.c:413:5:main	8	static
../Core/Src/main.c:482:6:SystemClock_Config	72	static
../Core/Src/main.c:522:13:MX_I2C1_Init	8	static
../Core/Src/main.c:556:13:MX_TIM2_Init	32	static
../Core/Src/main.c:601:13:MX_TIM3_Init	32	static
../Core/Src/main.c:646:13:MX_USART1_UART_Init	8	static
../Core/Src/main.c:679:13:MX_GPIO_Init	40	static
../Core/Src/main.c:712:6:Error_Handler	4	static,ignoring_inline_asm
