15:24:58 **** Build of configuration Debug for project Demo ****
make -j8 all 
arm-none-eabi-gcc "../Drivers/STM32F1xx_HAL_Driver/Src/stm32f1xx_hal.c" -mcpu=cortex-m3 -std=gnu11 -g3 -DDEBUG -DUSE_HAL_DRIVER -DSTM32F103xB -c -I../Core/Inc -I../Drivers/STM32F1xx_HAL_Driver/Inc/Legacy -I../Drivers/STM32F1xx_HAL_Driver/Inc -I../Drivers/CMSIS/Device/ST/STM32F1xx/Include -I../Drivers/CMSIS/Include -O0 -ffunction-sections -fdata-sections -Wall -fstack-usage -fcyclomatic-complexity -MMD -MP -MF"Drivers/STM32F1xx_HAL_Driver/Src/stm32f1xx_hal.d" -MT"Drivers/STM32F1xx_HAL_Driver/Src/stm32f1xx_hal.o" --specs=nano.specs -mfloat-abi=soft -mthumb -o "Drivers/STM32F1xx_HAL_Driver/Src/stm32f1xx_hal.o"
arm-none-eabi-gcc "../Drivers/STM32F1xx_HAL_Driver/Src/stm32f1xx_hal_cortex.c" -mcpu=cortex-m3 -std=gnu11 -g3 -DDEBUG -DUSE_HAL_DRIVER -DSTM32F103xB -c -I../Core/Inc -I../Drivers/STM32F1xx_HAL_Driver/Inc/Legacy -I../Drivers/STM32F1xx_HAL_Driver/Inc -I../Drivers/CMSIS/Device/ST/STM32F1xx/Include -I../Drivers/CMSIS/Include -O0 -ffunction-sections -fdata-sections -Wall -fstack-usage -fcyclomatic-complexity -MMD -MP -MF"Drivers/STM32F1xx_HAL_Driver/Src/stm32f1xx_hal_cortex.d" -MT"Drivers/STM32F1xx_HAL_Driver/Src/stm32f1xx_hal_cortex.o" --specs=nano.specs -mfloat-abi=soft -mthumb -o "Drivers/STM32F1xx_HAL_Driver/Src/stm32f1xx_hal_cortex.o"
arm-none-eabi-gcc "../Drivers/STM32F1xx_HAL_Driver/Src/stm32f1xx_hal_dma.c" -mcpu=cortex-m3 -std=gnu11 -g3 -DDEBUG -DUSE_HAL_DRIVER -DSTM32F103xB -c -I../Core/Inc -I../Drivers/STM32F1xx_HAL_Driver/Inc/Legacy -I../Drivers/STM32F1xx_HAL_Driver/Inc -I../Drivers/CMSIS/Device/ST/STM32F1xx/Include -I../Drivers/CMSIS/Include -O0 -ffunction-sections -fdata-sections -Wall -fstack-usage -fcyclomatic-complexity -MMD -MP -MF"Drivers/STM32F1xx_HAL_Driver/Src/stm32f1xx_hal_dma.d" -MT"Drivers/STM32F1xx_HAL_Driver/Src/stm32f1xx_hal_dma.o" --specs=nano.specs -mfloat-abi=soft -mthumb -o "Drivers/STM32F1xx_HAL_Driver/Src/stm32f1xx_hal_dma.o"
arm-none-eabi-gcc "../Drivers/STM32F1xx_HAL_Driver/Src/stm32f1xx_hal_exti.c" -mcpu=cortex-m3 -std=gnu11 -g3 -DDEBUG -DUSE_HAL_DRIVER -DSTM32F103xB -c -I../Core/Inc -I../Drivers/STM32F1xx_HAL_Driver/Inc/Legacy -I../Drivers/STM32F1xx_HAL_Driver/Inc -I../Drivers/CMSIS/Device/ST/STM32F1xx/Include -I../Drivers/CMSIS/Include -O0 -ffunction-sections -fdata-sections -Wall -fstack-usage -fcyclomatic-complexity -MMD -MP -MF"Drivers/STM32F1xx_HAL_Driver/Src/stm32f1xx_hal_exti.d" -MT"Drivers/STM32F1xx_HAL_Driver/Src/stm32f1xx_hal_exti.o" --specs=nano.specs -mfloat-abi=soft -mthumb -o "Drivers/STM32F1xx_HAL_Driver/Src/stm32f1xx_hal_exti.o"
arm-none-eabi-gcc "../Drivers/STM32F1xx_HAL_Driver/Src/stm32f1xx_hal_flash.c" -mcpu=cortex-m3 -std=gnu11 -g3 -DDEBUG -DUSE_HAL_DRIVER -DSTM32F103xB -c -I../Core/Inc -I../Drivers/STM32F1xx_HAL_Driver/Inc/Legacy -I../Drivers/STM32F1xx_HAL_Driver/Inc -I../Drivers/CMSIS/Device/ST/STM32F1xx/Include -I../Drivers/CMSIS/Include -O0 -ffunction-sections -fdata-sections -Wall -fstack-usage -fcyclomatic-complexity -MMD -MP -MF"Drivers/STM32F1xx_HAL_Driver/Src/stm32f1xx_hal_flash.d" -MT"Drivers/STM32F1xx_HAL_Driver/Src/stm32f1xx_hal_flash.o" --specs=nano.specs -mfloat-abi=soft -mthumb -o "Drivers/STM32F1xx_HAL_Driver/Src/stm32f1xx_hal_flash.o"
arm-none-eabi-gcc "../Drivers/STM32F1xx_HAL_Driver/Src/stm32f1xx_hal_flash_ex.c" -mcpu=cortex-m3 -std=gnu11 -g3 -DDEBUG -DUSE_HAL_DRIVER -DSTM32F103xB -c -I../Core/Inc -I../Drivers/STM32F1xx_HAL_Driver/Inc/Legacy -I../Drivers/STM32F1xx_HAL_Driver/Inc -I../Drivers/CMSIS/Device/ST/STM32F1xx/Include -I../Drivers/CMSIS/Include -O0 -ffunction-sections -fdata-sections -Wall -fstack-usage -fcyclomatic-complexity -MMD -MP -MF"Drivers/STM32F1xx_HAL_Driver/Src/stm32f1xx_hal_flash_ex.d" -MT"Drivers/STM32F1xx_HAL_Driver/Src/stm32f1xx_hal_flash_ex.o" --specs=nano.specs -mfloat-abi=soft -mthumb -o "Drivers/STM32F1xx_HAL_Driver/Src/stm32f1xx_hal_flash_ex.o"
arm-none-eabi-gcc "../Drivers/STM32F1xx_HAL_Driver/Src/stm32f1xx_hal_gpio.c" -mcpu=cortex-m3 -std=gnu11 -g3 -DDEBUG -DUSE_HAL_DRIVER -DSTM32F103xB -c -I../Core/Inc -I../Drivers/STM32F1xx_HAL_Driver/Inc/Legacy -I../Drivers/STM32F1xx_HAL_Driver/Inc -I../Drivers/CMSIS/Device/ST/STM32F1xx/Include -I../Drivers/CMSIS/Include -O0 -ffunction-sections -fdata-sections -Wall -fstack-usage -fcyclomatic-complexity -MMD -MP -MF"Drivers/STM32F1xx_HAL_Driver/Src/stm32f1xx_hal_gpio.d" -MT"Drivers/STM32F1xx_HAL_Driver/Src/stm32f1xx_hal_gpio.o" --specs=nano.specs -mfloat-abi=soft -mthumb -o "Drivers/STM32F1xx_HAL_Driver/Src/stm32f1xx_hal_gpio.o"
arm-none-eabi-gcc "../Drivers/STM32F1xx_HAL_Driver/Src/stm32f1xx_hal_gpio_ex.c" -mcpu=cortex-m3 -std=gnu11 -g3 -DDEBUG -DUSE_HAL_DRIVER -DSTM32F103xB -c -I../Core/Inc -I../Drivers/STM32F1xx_HAL_Driver/Inc/Legacy -I../Drivers/STM32F1xx_HAL_Driver/Inc -I../Drivers/CMSIS/Device/ST/STM32F1xx/Include -I../Drivers/CMSIS/Include -O0 -ffunction-sections -fdata-sections -Wall -fstack-usage -fcyclomatic-complexity -MMD -MP -MF"Drivers/STM32F1xx_HAL_Driver/Src/stm32f1xx_hal_gpio_ex.d" -MT"Drivers/STM32F1xx_HAL_Driver/Src/stm32f1xx_hal_gpio_ex.o" --specs=nano.specs -mfloat-abi=soft -mthumb -o "Drivers/STM32F1xx_HAL_Driver/Src/stm32f1xx_hal_gpio_ex.o"
arm-none-eabi-gcc "../Drivers/STM32F1xx_HAL_Driver/Src/stm32f1xx_hal_pwr.c" -mcpu=cortex-m3 -std=gnu11 -g3 -DDEBUG -DUSE_HAL_DRIVER -DSTM32F103xB -c -I../Core/Inc -I../Drivers/STM32F1xx_HAL_Driver/Inc/Legacy -I../Drivers/STM32F1xx_HAL_Driver/Inc -I../Drivers/CMSIS/Device/ST/STM32F1xx/Include -I../Drivers/CMSIS/Include -O0 -ffunction-sections -fdata-sections -Wall -fstack-usage -fcyclomatic-complexity -MMD -MP -MF"Drivers/STM32F1xx_HAL_Driver/Src/stm32f1xx_hal_pwr.d" -MT"Drivers/STM32F1xx_HAL_Driver/Src/stm32f1xx_hal_pwr.o" --specs=nano.specs -mfloat-abi=soft -mthumb -o "Drivers/STM32F1xx_HAL_Driver/Src/stm32f1xx_hal_pwr.o"
arm-none-eabi-gcc "../Drivers/STM32F1xx_HAL_Driver/Src/stm32f1xx_hal_rcc.c" -mcpu=cortex-m3 -std=gnu11 -g3 -DDEBUG -DUSE_HAL_DRIVER -DSTM32F103xB -c -I../Core/Inc -I../Drivers/STM32F1xx_HAL_Driver/Inc/Legacy -I../Drivers/STM32F1xx_HAL_Driver/Inc -I../Drivers/CMSIS/Device/ST/STM32F1xx/Include -I../Drivers/CMSIS/Include -O0 -ffunction-sections -fdata-sections -Wall -fstack-usage -fcyclomatic-complexity -MMD -MP -MF"Drivers/STM32F1xx_HAL_Driver/Src/stm32f1xx_hal_rcc.d" -MT"Drivers/STM32F1xx_HAL_Driver/Src/stm32f1xx_hal_rcc.o" --specs=nano.specs -mfloat-abi=soft -mthumb -o "Drivers/STM32F1xx_HAL_Driver/Src/stm32f1xx_hal_rcc.o"
arm-none-eabi-gcc "../Drivers/STM32F1xx_HAL_Driver/Src/stm32f1xx_hal_rcc_ex.c" -mcpu=cortex-m3 -std=gnu11 -g3 -DDEBUG -DUSE_HAL_DRIVER -DSTM32F103xB -c -I../Core/Inc -I../Drivers/STM32F1xx_HAL_Driver/Inc/Legacy -I../Drivers/STM32F1xx_HAL_Driver/Inc -I../Drivers/CMSIS/Device/ST/STM32F1xx/Include -I../Drivers/CMSIS/Include -O0 -ffunction-sections -fdata-sections -Wall -fstack-usage -fcyclomatic-complexity -MMD -MP -MF"Drivers/STM32F1xx_HAL_Driver/Src/stm32f1xx_hal_rcc_ex.d" -MT"Drivers/STM32F1xx_HAL_Driver/Src/stm32f1xx_hal_rcc_ex.o" --specs=nano.specs -mfloat-abi=soft -mthumb -o "Drivers/STM32F1xx_HAL_Driver/Src/stm32f1xx_hal_rcc_ex.o"
arm-none-eabi-gcc "../Drivers/STM32F1xx_HAL_Driver/Src/stm32f1xx_hal_tim.c" -mcpu=cortex-m3 -std=gnu11 -g3 -DDEBUG -DUSE_HAL_DRIVER -DSTM32F103xB -c -I../Core/Inc -I../Drivers/STM32F1xx_HAL_Driver/Inc/Legacy -I../Drivers/STM32F1xx_HAL_Driver/Inc -I../Drivers/CMSIS/Device/ST/STM32F1xx/Include -I../Drivers/CMSIS/Include -O0 -ffunction-sections -fdata-sections -Wall -fstack-usage -fcyclomatic-complexity -MMD -MP -MF"Drivers/STM32F1xx_HAL_Driver/Src/stm32f1xx_hal_tim.d" -MT"Drivers/STM32F1xx_HAL_Driver/Src/stm32f1xx_hal_tim.o" --specs=nano.specs -mfloat-abi=soft -mthumb -o "Drivers/STM32F1xx_HAL_Driver/Src/stm32f1xx_hal_tim.o"
arm-none-eabi-gcc "../Drivers/STM32F1xx_HAL_Driver/Src/stm32f1xx_hal_tim_ex.c" -mcpu=cortex-m3 -std=gnu11 -g3 -DDEBUG -DUSE_HAL_DRIVER -DSTM32F103xB -c -I../Core/Inc -I../Drivers/STM32F1xx_HAL_Driver/Inc/Legacy -I../Drivers/STM32F1xx_HAL_Driver/Inc -I../Drivers/CMSIS/Device/ST/STM32F1xx/Include -I../Drivers/CMSIS/Include -O0 -ffunction-sections -fdata-sections -Wall -fstack-usage -fcyclomatic-complexity -MMD -MP -MF"Drivers/STM32F1xx_HAL_Driver/Src/stm32f1xx_hal_tim_ex.d" -MT"Drivers/STM32F1xx_HAL_Driver/Src/stm32f1xx_hal_tim_ex.o" --specs=nano.specs -mfloat-abi=soft -mthumb -o "Drivers/STM32F1xx_HAL_Driver/Src/stm32f1xx_hal_tim_ex.o"
arm-none-eabi-gcc "../Drivers/STM32F1xx_HAL_Driver/Src/stm32f1xx_hal_uart.c" -mcpu=cortex-m3 -std=gnu11 -g3 -DDEBUG -DUSE_HAL_DRIVER -DSTM32F103xB -c -I../Core/Inc -I../Drivers/STM32F1xx_HAL_Driver/Inc/Legacy -I../Drivers/STM32F1xx_HAL_Driver/Inc -I../Drivers/CMSIS/Device/ST/STM32F1xx/Include -I../Drivers/CMSIS/Include -O0 -ffunction-sections -fdata-sections -Wall -fstack-usage -fcyclomatic-complexity -MMD -MP -MF"Drivers/STM32F1xx_HAL_Driver/Src/stm32f1xx_hal_uart.d" -MT"Drivers/STM32F1xx_HAL_Driver/Src/stm32f1xx_hal_uart.o" --specs=nano.specs -mfloat-abi=soft -mthumb -o "Drivers/STM32F1xx_HAL_Driver/Src/stm32f1xx_hal_uart.o"
arm-none-eabi-gcc -mcpu=cortex-m3 -g3 -DDEBUG -c -x assembler-with-cpp -MMD -MP -MF"Core/Startup/startup_stm32f103c8tx.d" -MT"Core/Startup/startup_stm32f103c8tx.o" --specs=nano.specs -mfloat-abi=soft -mthumb -o "Core/Startup/startup_stm32f103c8tx.o" "../Core/Startup/startup_stm32f103c8tx.s"
arm-none-eabi-gcc "../Core/Src/main.c" -mcpu=cortex-m3 -std=gnu11 -g3 -DDEBUG -DUSE_HAL_DRIVER -DSTM32F103xB -c -I../Core/Inc -I../Drivers/STM32F1xx_HAL_Driver/Inc/Legacy -I../Drivers/STM32F1xx_HAL_Driver/Inc -I../Drivers/CMSIS/Device/ST/STM32F1xx/Include -I../Drivers/CMSIS/Include -O0 -ffunction-sections -fdata-sections -Wall -fstack-usage -fcyclomatic-complexity -MMD -MP -MF"Core/Src/main.d" -MT"Core/Src/main.o" --specs=nano.specs -mfloat-abi=soft -mthumb -o "Core/Src/main.o"
arm-none-eabi-gcc "../Core/Src/stm32f1xx_hal_msp.c" -mcpu=cortex-m3 -std=gnu11 -g3 -DDEBUG -DUSE_HAL_DRIVER -DSTM32F103xB -c -I../Core/Inc -I../Drivers/STM32F1xx_HAL_Driver/Inc/Legacy -I../Drivers/STM32F1xx_HAL_Driver/Inc -I../Drivers/CMSIS/Device/ST/STM32F1xx/Include -I../Drivers/CMSIS/Include -O0 -ffunction-sections -fdata-sections -Wall -fstack-usage -fcyclomatic-complexity -MMD -MP -MF"Core/Src/stm32f1xx_hal_msp.d" -MT"Core/Src/stm32f1xx_hal_msp.o" --specs=nano.specs -mfloat-abi=soft -mthumb -o "Core/Src/stm32f1xx_hal_msp.o"
arm-none-eabi-gcc "../Core/Src/stm32f1xx_it.c" -mcpu=cortex-m3 -std=gnu11 -g3 -DDEBUG -DUSE_HAL_DRIVER -DSTM32F103xB -c -I../Core/Inc -I../Drivers/STM32F1xx_HAL_Driver/Inc/Legacy -I../Drivers/STM32F1xx_HAL_Driver/Inc -I../Drivers/CMSIS/Device/ST/STM32F1xx/Include -I../Drivers/CMSIS/Include -O0 -ffunction-sections -fdata-sections -Wall -fstack-usage -fcyclomatic-complexity -MMD -MP -MF"Core/Src/stm32f1xx_it.d" -MT"Core/Src/stm32f1xx_it.o" --specs=nano.specs -mfloat-abi=soft -mthumb -o "Core/Src/stm32f1xx_it.o"
arm-none-eabi-gcc "../Core/Src/syscalls.c" -mcpu=cortex-m3 -std=gnu11 -g3 -DDEBUG -DUSE_HAL_DRIVER -DSTM32F103xB -c -I../Core/Inc -I../Drivers/STM32F1xx_HAL_Driver/Inc/Legacy -I../Drivers/STM32F1xx_HAL_Driver/Inc -I../Drivers/CMSIS/Device/ST/STM32F1xx/Include -I../Drivers/CMSIS/Include -O0 -ffunction-sections -fdata-sections -Wall -fstack-usage -fcyclomatic-complexity -MMD -MP -MF"Core/Src/syscalls.d" -MT"Core/Src/syscalls.o" --specs=nano.specs -mfloat-abi=soft -mthumb -o "Core/Src/syscalls.o"
arm-none-eabi-gcc "../Core/Src/sysmem.c" -mcpu=cortex-m3 -std=gnu11 -g3 -DDEBUG -DUSE_HAL_DRIVER -DSTM32F103xB -c -I../Core/Inc -I../Drivers/STM32F1xx_HAL_Driver/Inc/Legacy -I../Drivers/STM32F1xx_HAL_Driver/Inc -I../Drivers/CMSIS/Device/ST/STM32F1xx/Include -I../Drivers/CMSIS/Include -O0 -ffunction-sections -fdata-sections -Wall -fstack-usage -fcyclomatic-complexity -MMD -MP -MF"Core/Src/sysmem.d" -MT"Core/Src/sysmem.o" --specs=nano.specs -mfloat-abi=soft -mthumb -o "Core/Src/sysmem.o"
arm-none-eabi-gcc "../Core/Src/system_stm32f1xx.c" -mcpu=cortex-m3 -std=gnu11 -g3 -DDEBUG -DUSE_HAL_DRIVER -DSTM32F103xB -c -I../Core/Inc -I../Drivers/STM32F1xx_HAL_Driver/Inc/Legacy -I../Drivers/STM32F1xx_HAL_Driver/Inc -I../Drivers/CMSIS/Device/ST/STM32F1xx/Include -I../Drivers/CMSIS/Include -O0 -ffunction-sections -fdata-sections -Wall -fstack-usage -fcyclomatic-complexity -MMD -MP -MF"Core/Src/system_stm32f1xx.d" -MT"Core/Src/system_stm32f1xx.o" --specs=nano.specs -mfloat-abi=soft -mthumb -o "Core/Src/system_stm32f1xx.o"
arm-none-eabi-gcc -o "Demo.elf" @"objects.list"   -mcpu=cortex-m3 -T"P:\Prj\Demo\Demo\STM32F103C8TX_FLASH.ld" --specs=nosys.specs -Wl,-Map="Demo.map" -Wl,--gc-sections -static --specs=nano.specs -mfloat-abi=soft -mthumb -Wl,--start-group -lc -lm -Wl,--end-group
Finished building target: Demo.elf
 
arm-none-eabi-size   Demo.elf 
arm-none-eabi-objdump -h -S  Demo.elf  > "Demo.list"
   text	   data	    bss	    dec	    hex	filename
   5672	     24	   1640	   7336	   1ca8	Demo.elf
Finished building: default.size.stdout
 
Finished building: Demo.list
 
15:25:05 **** Incremental Build of configuration Debug for project Demo ****
make -j8 all 
arm-none-eabi-gcc "../Core/Src/main.c" -mcpu=cortex-m3 -std=gnu11 -g3 -DDEBUG -DUSE_HAL_DRIVER -DSTM32F103xB -c -I../Core/Inc -I../Drivers/STM32F1xx_HAL_Driver/Inc/Legacy -I../Drivers/STM32F1xx_HAL_Driver/Inc -I../Drivers/CMSIS/Device/ST/STM32F1xx/Include -I../Drivers/CMSIS/Include -O0 -ffunction-sections -fdata-sections -Wall -fstack-usage -fcyclomatic-complexity -MMD -MP -MF"Core/Src/main.d" -MT"Core/Src/main.o" --specs=nano.specs -mfloat-abi=soft -mthumb -o "Core/Src/main.o"
arm-none-eabi-gcc -o "Demo.elf" @"objects.list"   -mcpu=cortex-m3 -T"P:\Prj\Demo\Demo\STM32F103C8TX_FLASH.ld" --specs=nosys.specs -Wl,-Map="Demo.map" -Wl,--gc-sections -static --specs=nano.specs -mfloat-abi=soft -mthumb -Wl,--start-group -lc -lm -Wl,--end-group
Finished building target: Demo.elf
 
arm-none-eabi-size   Demo.elf 
arm-none-eabi-objdump -h -S  Demo.elf  > "Demo.list"
   text	   data	    bss	    dec	    hex	filename
   5752	     24	   1640	   7416	   1cf8	Demo.elf
Finished building: default.size.stdout
 
Finished building: Demo.list
 
15:25:51 **** Incremental Build of configuration Debug for project Demo ****
make -j8 all 
arm-none-eabi-size   Demo.elf 
   text	   data	    bss	    dec	    hex	filename
   5752	     24	   1640	   7416	   1cf8	Demo.elf
Finished building: default.size.stdout
 
15:26:14 **** Incremental Build of configuration Debug for project Demo ****
make -j8 all 
arm-none-eabi-size   Demo.elf 
   text	   data	    bss	    dec	    hex	filename
   5752	     24	   1640	   7416	   1cf8	Demo.elf
Finished building: default.size.stdout
 
15:50:45 **** Incremental Build of configuration Debug for project Demo ****
make -j8 all 
arm-none-eabi-gcc "../Core/Src/main.c" -mcpu=cortex-m3 -std=gnu11 -g3 -DDEBUG -DUSE_HAL_DRIVER -DSTM32F103xB -c -I../Core/Inc -I../Drivers/STM32F1xx_HAL_Driver/Inc/Legacy -I../Drivers/STM32F1xx_HAL_Driver/Inc -I../Drivers/CMSIS/Device/ST/STM32F1xx/Include -I../Drivers/CMSIS/Include -O0 -ffunction-sections -fdata-sections -Wall -fstack-usage -fcyclomatic-complexity -MMD -MP -MF"Core/Src/main.d" -MT"Core/Src/main.o" --specs=nano.specs -mfloat-abi=soft -mthumb -o "Core/Src/main.o"
arm-none-eabi-gcc -o "Demo.elf" @"objects.list"   -mcpu=cortex-m3 -T"P:\Prj\Demo\Demo\STM32F103C8TX_FLASH.ld" --specs=nosys.specs -Wl,-Map="Demo.map" -Wl,--gc-sections -static --specs=nano.specs -mfloat-abi=soft -mthumb -Wl,--start-group -lc -lm -Wl,--end-group
Finished building target: Demo.elf
 
arm-none-eabi-size   Demo.elf 
arm-none-eabi-objdump -h -S  Demo.elf  > "Demo.list"
   text	   data	    bss	    dec	    hex	filename
   5752	     28	   1644	   7424	   1d00	Demo.elf
Finished building: default.size.stdout
 
Finished building: Demo.list
 
16:08:30 **** Incremental Build of configuration Debug for project Demo ****
make -j8 all 
arm-none-eabi-size   Demo.elf 
   text	   data	    bss	    dec	    hex	filename
   5752	     28	   1644	   7424	   1d00	Demo.elf
Finished building: default.size.stdout
 
16:10:08 **** Incremental Build of configuration Debug for project Demo ****
make -j8 all 
arm-none-eabi-size   Demo.elf 
   text	   data	    bss	    dec	    hex	filename
   5752	     28	   1644	   7424	   1d00	Demo.elf
Finished building: default.size.stdout
 
16:11:46 **** Incremental Build of configuration Debug for project Demo ****
make -j8 all 
arm-none-eabi-size   Demo.elf 
   text	   data	    bss	    dec	    hex	filename
   5752	     28	   1644	   7424	   1d00	Demo.elf
Finished building: default.size.stdout
 
17:09:26 **** Incremental Build of configuration Debug for project Demo ****
make -j8 all 
arm-none-eabi-gcc "../Drivers/STM32F1xx_HAL_Driver/Src/stm32f1xx_hal.c" -mcpu=cortex-m3 -std=gnu11 -g3 -DDEBUG -DUSE_HAL_DRIVER -DSTM32F103xB -c -I../Core/Inc -I../Drivers/STM32F1xx_HAL_Driver/Inc/Legacy -I../Drivers/STM32F1xx_HAL_Driver/Inc -I../Drivers/CMSIS/Device/ST/STM32F1xx/Include -I../Drivers/CMSIS/Include -O0 -ffunction-sections -fdata-sections -Wall -fstack-usage -fcyclomatic-complexity -MMD -MP -MF"Drivers/STM32F1xx_HAL_Driver/Src/stm32f1xx_hal.d" -MT"Drivers/STM32F1xx_HAL_Driver/Src/stm32f1xx_hal.o" --specs=nano.specs -mfloat-abi=soft -mthumb -o "Drivers/STM32F1xx_HAL_Driver/Src/stm32f1xx_hal.o"
arm-none-eabi-gcc "../Drivers/STM32F1xx_HAL_Driver/Src/stm32f1xx_hal_cortex.c" -mcpu=cortex-m3 -std=gnu11 -g3 -DDEBUG -DUSE_HAL_DRIVER -DSTM32F103xB -c -I../Core/Inc -I../Drivers/STM32F1xx_HAL_Driver/Inc/Legacy -I../Drivers/STM32F1xx_HAL_Driver/Inc -I../Drivers/CMSIS/Device/ST/STM32F1xx/Include -I../Drivers/CMSIS/Include -O0 -ffunction-sections -fdata-sections -Wall -fstack-usage -fcyclomatic-complexity -MMD -MP -MF"Drivers/STM32F1xx_HAL_Driver/Src/stm32f1xx_hal_cortex.d" -MT"Drivers/STM32F1xx_HAL_Driver/Src/stm32f1xx_hal_cortex.o" --specs=nano.specs -mfloat-abi=soft -mthumb -o "Drivers/STM32F1xx_HAL_Driver/Src/stm32f1xx_hal_cortex.o"
arm-none-eabi-gcc "../Drivers/STM32F1xx_HAL_Driver/Src/stm32f1xx_hal_dma.c" -mcpu=cortex-m3 -std=gnu11 -g3 -DDEBUG -DUSE_HAL_DRIVER -DSTM32F103xB -c -I../Core/Inc -I../Drivers/STM32F1xx_HAL_Driver/Inc/Legacy -I../Drivers/STM32F1xx_HAL_Driver/Inc -I../Drivers/CMSIS/Device/ST/STM32F1xx/Include -I../Drivers/CMSIS/Include -O0 -ffunction-sections -fdata-sections -Wall -fstack-usage -fcyclomatic-complexity -MMD -MP -MF"Drivers/STM32F1xx_HAL_Driver/Src/stm32f1xx_hal_dma.d" -MT"Drivers/STM32F1xx_HAL_Driver/Src/stm32f1xx_hal_dma.o" --specs=nano.specs -mfloat-abi=soft -mthumb -o "Drivers/STM32F1xx_HAL_Driver/Src/stm32f1xx_hal_dma.o"
arm-none-eabi-gcc "../Drivers/STM32F1xx_HAL_Driver/Src/stm32f1xx_hal_exti.c" -mcpu=cortex-m3 -std=gnu11 -g3 -DDEBUG -DUSE_HAL_DRIVER -DSTM32F103xB -c -I../Core/Inc -I../Drivers/STM32F1xx_HAL_Driver/Inc/Legacy -I../Drivers/STM32F1xx_HAL_Driver/Inc -I../Drivers/CMSIS/Device/ST/STM32F1xx/Include -I../Drivers/CMSIS/Include -O0 -ffunction-sections -fdata-sections -Wall -fstack-usage -fcyclomatic-complexity -MMD -MP -MF"Drivers/STM32F1xx_HAL_Driver/Src/stm32f1xx_hal_exti.d" -MT"Drivers/STM32F1xx_HAL_Driver/Src/stm32f1xx_hal_exti.o" --specs=nano.specs -mfloat-abi=soft -mthumb -o "Drivers/STM32F1xx_HAL_Driver/Src/stm32f1xx_hal_exti.o"
arm-none-eabi-gcc "../Drivers/STM32F1xx_HAL_Driver/Src/stm32f1xx_hal_flash.c" -mcpu=cortex-m3 -std=gnu11 -g3 -DDEBUG -DUSE_HAL_DRIVER -DSTM32F103xB -c -I../Core/Inc -I../Drivers/STM32F1xx_HAL_Driver/Inc/Legacy -I../Drivers/STM32F1xx_HAL_Driver/Inc -I../Drivers/CMSIS/Device/ST/STM32F1xx/Include -I../Drivers/CMSIS/Include -O0 -ffunction-sections -fdata-sections -Wall -fstack-usage -fcyclomatic-complexity -MMD -MP -MF"Drivers/STM32F1xx_HAL_Driver/Src/stm32f1xx_hal_flash.d" -MT"Drivers/STM32F1xx_HAL_Driver/Src/stm32f1xx_hal_flash.o" --specs=nano.specs -mfloat-abi=soft -mthumb -o "Drivers/STM32F1xx_HAL_Driver/Src/stm32f1xx_hal_flash.o"
arm-none-eabi-gcc "../Drivers/STM32F1xx_HAL_Driver/Src/stm32f1xx_hal_flash_ex.c" -mcpu=cortex-m3 -std=gnu11 -g3 -DDEBUG -DUSE_HAL_DRIVER -DSTM32F103xB -c -I../Core/Inc -I../Drivers/STM32F1xx_HAL_Driver/Inc/Legacy -I../Drivers/STM32F1xx_HAL_Driver/Inc -I../Drivers/CMSIS/Device/ST/STM32F1xx/Include -I../Drivers/CMSIS/Include -O0 -ffunction-sections -fdata-sections -Wall -fstack-usage -fcyclomatic-complexity -MMD -MP -MF"Drivers/STM32F1xx_HAL_Driver/Src/stm32f1xx_hal_flash_ex.d" -MT"Drivers/STM32F1xx_HAL_Driver/Src/stm32f1xx_hal_flash_ex.o" --specs=nano.specs -mfloat-abi=soft -mthumb -o "Drivers/STM32F1xx_HAL_Driver/Src/stm32f1xx_hal_flash_ex.o"
arm-none-eabi-gcc "../Drivers/STM32F1xx_HAL_Driver/Src/stm32f1xx_hal_gpio.c" -mcpu=cortex-m3 -std=gnu11 -g3 -DDEBUG -DUSE_HAL_DRIVER -DSTM32F103xB -c -I../Core/Inc -I../Drivers/STM32F1xx_HAL_Driver/Inc/Legacy -I../Drivers/STM32F1xx_HAL_Driver/Inc -I../Drivers/CMSIS/Device/ST/STM32F1xx/Include -I../Drivers/CMSIS/Include -O0 -ffunction-sections -fdata-sections -Wall -fstack-usage -fcyclomatic-complexity -MMD -MP -MF"Drivers/STM32F1xx_HAL_Driver/Src/stm32f1xx_hal_gpio.d" -MT"Drivers/STM32F1xx_HAL_Driver/Src/stm32f1xx_hal_gpio.o" --specs=nano.specs -mfloat-abi=soft -mthumb -o "Drivers/STM32F1xx_HAL_Driver/Src/stm32f1xx_hal_gpio.o"
arm-none-eabi-gcc "../Drivers/STM32F1xx_HAL_Driver/Src/stm32f1xx_hal_gpio_ex.c" -mcpu=cortex-m3 -std=gnu11 -g3 -DDEBUG -DUSE_HAL_DRIVER -DSTM32F103xB -c -I../Core/Inc -I../Drivers/STM32F1xx_HAL_Driver/Inc/Legacy -I../Drivers/STM32F1xx_HAL_Driver/Inc -I../Drivers/CMSIS/Device/ST/STM32F1xx/Include -I../Drivers/CMSIS/Include -O0 -ffunction-sections -fdata-sections -Wall -fstack-usage -fcyclomatic-complexity -MMD -MP -MF"Drivers/STM32F1xx_HAL_Driver/Src/stm32f1xx_hal_gpio_ex.d" -MT"Drivers/STM32F1xx_HAL_Driver/Src/stm32f1xx_hal_gpio_ex.o" --specs=nano.specs -mfloat-abi=soft -mthumb -o "Drivers/STM32F1xx_HAL_Driver/Src/stm32f1xx_hal_gpio_ex.o"
arm-none-eabi-gcc "../Drivers/STM32F1xx_HAL_Driver/Src/stm32f1xx_hal_i2c.c" -mcpu=cortex-m3 -std=gnu11 -g3 -DDEBUG -DUSE_HAL_DRIVER -DSTM32F103xB -c -I../Core/Inc -I../Drivers/STM32F1xx_HAL_Driver/Inc/Legacy -I../Drivers/STM32F1xx_HAL_Driver/Inc -I../Drivers/CMSIS/Device/ST/STM32F1xx/Include -I../Drivers/CMSIS/Include -O0 -ffunction-sections -fdata-sections -Wall -fstack-usage -fcyclomatic-complexity -MMD -MP -MF"Drivers/STM32F1xx_HAL_Driver/Src/stm32f1xx_hal_i2c.d" -MT"Drivers/STM32F1xx_HAL_Driver/Src/stm32f1xx_hal_i2c.o" --specs=nano.specs -mfloat-abi=soft -mthumb -o "Drivers/STM32F1xx_HAL_Driver/Src/stm32f1xx_hal_i2c.o"
arm-none-eabi-gcc "../Drivers/STM32F1xx_HAL_Driver/Src/stm32f1xx_hal_pwr.c" -mcpu=cortex-m3 -std=gnu11 -g3 -DDEBUG -DUSE_HAL_DRIVER -DSTM32F103xB -c -I../Core/Inc -I../Drivers/STM32F1xx_HAL_Driver/Inc/Legacy -I../Drivers/STM32F1xx_HAL_Driver/Inc -I../Drivers/CMSIS/Device/ST/STM32F1xx/Include -I../Drivers/CMSIS/Include -O0 -ffunction-sections -fdata-sections -Wall -fstack-usage -fcyclomatic-complexity -MMD -MP -MF"Drivers/STM32F1xx_HAL_Driver/Src/stm32f1xx_hal_pwr.d" -MT"Drivers/STM32F1xx_HAL_Driver/Src/stm32f1xx_hal_pwr.o" --specs=nano.specs -mfloat-abi=soft -mthumb -o "Drivers/STM32F1xx_HAL_Driver/Src/stm32f1xx_hal_pwr.o"
arm-none-eabi-gcc "../Drivers/STM32F1xx_HAL_Driver/Src/stm32f1xx_hal_rcc.c" -mcpu=cortex-m3 -std=gnu11 -g3 -DDEBUG -DUSE_HAL_DRIVER -DSTM32F103xB -c -I../Core/Inc -I../Drivers/STM32F1xx_HAL_Driver/Inc/Legacy -I../Drivers/STM32F1xx_HAL_Driver/Inc -I../Drivers/CMSIS/Device/ST/STM32F1xx/Include -I../Drivers/CMSIS/Include -O0 -ffunction-sections -fdata-sections -Wall -fstack-usage -fcyclomatic-complexity -MMD -MP -MF"Drivers/STM32F1xx_HAL_Driver/Src/stm32f1xx_hal_rcc.d" -MT"Drivers/STM32F1xx_HAL_Driver/Src/stm32f1xx_hal_rcc.o" --specs=nano.specs -mfloat-abi=soft -mthumb -o "Drivers/STM32F1xx_HAL_Driver/Src/stm32f1xx_hal_rcc.o"
arm-none-eabi-gcc "../Drivers/STM32F1xx_HAL_Driver/Src/stm32f1xx_hal_rcc_ex.c" -mcpu=cortex-m3 -std=gnu11 -g3 -DDEBUG -DUSE_HAL_DRIVER -DSTM32F103xB -c -I../Core/Inc -I../Drivers/STM32F1xx_HAL_Driver/Inc/Legacy -I../Drivers/STM32F1xx_HAL_Driver/Inc -I../Drivers/CMSIS/Device/ST/STM32F1xx/Include -I../Drivers/CMSIS/Include -O0 -ffunction-sections -fdata-sections -Wall -fstack-usage -fcyclomatic-complexity -MMD -MP -MF"Drivers/STM32F1xx_HAL_Driver/Src/stm32f1xx_hal_rcc_ex.d" -MT"Drivers/STM32F1xx_HAL_Driver/Src/stm32f1xx_hal_rcc_ex.o" --specs=nano.specs -mfloat-abi=soft -mthumb -o "Drivers/STM32F1xx_HAL_Driver/Src/stm32f1xx_hal_rcc_ex.o"
arm-none-eabi-gcc "../Drivers/STM32F1xx_HAL_Driver/Src/stm32f1xx_hal_tim.c" -mcpu=cortex-m3 -std=gnu11 -g3 -DDEBUG -DUSE_HAL_DRIVER -DSTM32F103xB -c -I../Core/Inc -I../Drivers/STM32F1xx_HAL_Driver/Inc/Legacy -I../Drivers/STM32F1xx_HAL_Driver/Inc -I../Drivers/CMSIS/Device/ST/STM32F1xx/Include -I../Drivers/CMSIS/Include -O0 -ffunction-sections -fdata-sections -Wall -fstack-usage -fcyclomatic-complexity -MMD -MP -MF"Drivers/STM32F1xx_HAL_Driver/Src/stm32f1xx_hal_tim.d" -MT"Drivers/STM32F1xx_HAL_Driver/Src/stm32f1xx_hal_tim.o" --specs=nano.specs -mfloat-abi=soft -mthumb -o "Drivers/STM32F1xx_HAL_Driver/Src/stm32f1xx_hal_tim.o"
arm-none-eabi-gcc "../Drivers/STM32F1xx_HAL_Driver/Src/stm32f1xx_hal_tim_ex.c" -mcpu=cortex-m3 -std=gnu11 -g3 -DDEBUG -DUSE_HAL_DRIVER -DSTM32F103xB -c -I../Core/Inc -I../Drivers/STM32F1xx_HAL_Driver/Inc/Legacy -I../Drivers/STM32F1xx_HAL_Driver/Inc -I../Drivers/CMSIS/Device/ST/STM32F1xx/Include -I../Drivers/CMSIS/Include -O0 -ffunction-sections -fdata-sections -Wall -fstack-usage -fcyclomatic-complexity -MMD -MP -MF"Drivers/STM32F1xx_HAL_Driver/Src/stm32f1xx_hal_tim_ex.d" -MT"Drivers/STM32F1xx_HAL_Driver/Src/stm32f1xx_hal_tim_ex.o" --specs=nano.specs -mfloat-abi=soft -mthumb -o "Drivers/STM32F1xx_HAL_Driver/Src/stm32f1xx_hal_tim_ex.o"
arm-none-eabi-gcc "../Drivers/STM32F1xx_HAL_Driver/Src/stm32f1xx_hal_uart.c" -mcpu=cortex-m3 -std=gnu11 -g3 -DDEBUG -DUSE_HAL_DRIVER -DSTM32F103xB -c -I../Core/Inc -I../Drivers/STM32F1xx_HAL_Driver/Inc/Legacy -I../Drivers/STM32F1xx_HAL_Driver/Inc -I../Drivers/CMSIS/Device/ST/STM32F1xx/Include -I../Drivers/CMSIS/Include -O0 -ffunction-sections -fdata-sections -Wall -fstack-usage -fcyclomatic-complexity -MMD -MP -MF"Drivers/STM32F1xx_HAL_Driver/Src/stm32f1xx_hal_uart.d" -MT"Drivers/STM32F1xx_HAL_Driver/Src/stm32f1xx_hal_uart.o" --specs=nano.specs -mfloat-abi=soft -mthumb -o "Drivers/STM32F1xx_HAL_Driver/Src/stm32f1xx_hal_uart.o"
arm-none-eabi-gcc "../Core/Src/main.c" -mcpu=cortex-m3 -std=gnu11 -g3 -DDEBUG -DUSE_HAL_DRIVER -DSTM32F103xB -c -I../Core/Inc -I../Drivers/STM32F1xx_HAL_Driver/Inc/Legacy -I../Drivers/STM32F1xx_HAL_Driver/Inc -I../Drivers/CMSIS/Device/ST/STM32F1xx/Include -I../Drivers/CMSIS/Include -O0 -ffunction-sections -fdata-sections -Wall -fstack-usage -fcyclomatic-complexity -MMD -MP -MF"Core/Src/main.d" -MT"Core/Src/main.o" --specs=nano.specs -mfloat-abi=soft -mthumb -o "Core/Src/main.o"
arm-none-eabi-gcc "../Core/Src/stm32f1xx_hal_msp.c" -mcpu=cortex-m3 -std=gnu11 -g3 -DDEBUG -DUSE_HAL_DRIVER -DSTM32F103xB -c -I../Core/Inc -I../Drivers/STM32F1xx_HAL_Driver/Inc/Legacy -I../Drivers/STM32F1xx_HAL_Driver/Inc -I../Drivers/CMSIS/Device/ST/STM32F1xx/Include -I../Drivers/CMSIS/Include -O0 -ffunction-sections -fdata-sections -Wall -fstack-usage -fcyclomatic-complexity -MMD -MP -MF"Core/Src/stm32f1xx_hal_msp.d" -MT"Core/Src/stm32f1xx_hal_msp.o" --specs=nano.specs -mfloat-abi=soft -mthumb -o "Core/Src/stm32f1xx_hal_msp.o"
arm-none-eabi-gcc "../Core/Src/stm32f1xx_it.c" -mcpu=cortex-m3 -std=gnu11 -g3 -DDEBUG -DUSE_HAL_DRIVER -DSTM32F103xB -c -I../Core/Inc -I../Drivers/STM32F1xx_HAL_Driver/Inc/Legacy -I../Drivers/STM32F1xx_HAL_Driver/Inc -I../Drivers/CMSIS/Device/ST/STM32F1xx/Include -I../Drivers/CMSIS/Include -O0 -ffunction-sections -fdata-sections -Wall -fstack-usage -fcyclomatic-complexity -MMD -MP -MF"Core/Src/stm32f1xx_it.d" -MT"Core/Src/stm32f1xx_it.o" --specs=nano.specs -mfloat-abi=soft -mthumb -o "Core/Src/stm32f1xx_it.o"
arm-none-eabi-gcc "../Core/Src/system_stm32f1xx.c" -mcpu=cortex-m3 -std=gnu11 -g3 -DDEBUG -DUSE_HAL_DRIVER -DSTM32F103xB -c -I../Core/Inc -I../Drivers/STM32F1xx_HAL_Driver/Inc/Legacy -I../Drivers/STM32F1xx_HAL_Driver/Inc -I../Drivers/CMSIS/Device/ST/STM32F1xx/Include -I../Drivers/CMSIS/Include -O0 -ffunction-sections -fdata-sections -Wall -fstack-usage -fcyclomatic-complexity -MMD -MP -MF"Core/Src/system_stm32f1xx.d" -MT"Core/Src/system_stm32f1xx.o" --specs=nano.specs -mfloat-abi=soft -mthumb -o "Core/Src/system_stm32f1xx.o"
../Core/Src/main.c: In function 'LCD_Command':
../Core/Src/main.c:77:42: error: 'LCD_ADDR' undeclared (first use in this function)
   77 |         HAL_I2C_Master_Transmit (&hi2c1, LCD_ADDR,(uint8_t *) data_t, 4, 100);
      |                                          ^~~~~~~~
../Core/Src/main.c:77:42: note: each undeclared identifier is reported only once for each function it appears in
../Core/Src/main.c: In function 'LCD_Data':
../Core/Src/main.c:89:42: error: 'LCD_ADDR' undeclared (first use in this function)
   89 |         HAL_I2C_Master_Transmit (&hi2c1, LCD_ADDR,(uint8_t *) data_t, 4, 100);
      |                                          ^~~~~~~~
../Core/Src/main.c: In function 'DHT11_Check':
../Core/Src/main.c:188:17: warning: implicit declaration of function 'delay' [-Wimplicit-function-declaration]
  188 |                 delay (80);
      |                 ^~~~~
../Core/Src/main.c:189:64: error: 'Response' undeclared (first use in this function); did you mean 'response'?
  189 |                 if ((HAL_GPIO_ReadPin(DHT11_PORT, DHT11_PIN))) Response = 1;
      |                                                                ^~~~~~~~
      |                                                                response
../Core/Src/main.c:184:17: warning: unused variable 'response' [-Wunused-variable]
  184 |         uint8_t response = 0;
      |                 ^~~~~~~~
../Core/Src/main.c:195:1: warning: control reaches end of non-void function [-Wreturn-type]
  195 | }
      | ^
make: *** [Core/Src/subdir.mk:34: Core/Src/main.o] Error 1
make: *** Waiting for unfinished jobs....
"make -j8 all" terminated with exit code 2. Build might be incomplete.
17:09:54 **** Incremental Build of configuration Debug for project Demo ****
make -j8 all 
arm-none-eabi-gcc "../Core/Src/main.c" -mcpu=cortex-m3 -std=gnu11 -g3 -DDEBUG -DUSE_HAL_DRIVER -DSTM32F103xB -c -I../Core/Inc -I../Drivers/STM32F1xx_HAL_Driver/Inc/Legacy -I../Drivers/STM32F1xx_HAL_Driver/Inc -I../Drivers/CMSIS/Device/ST/STM32F1xx/Include -I../Drivers/CMSIS/Include -O0 -ffunction-sections -fdata-sections -Wall -fstack-usage -fcyclomatic-complexity -MMD -MP -MF"Core/Src/main.d" -MT"Core/Src/main.o" --specs=nano.specs -mfloat-abi=soft -mthumb -o "Core/Src/main.o"
../Core/Src/main.c: In function 'LCD_Command':
../Core/Src/main.c:77:42: error: 'LCD_ADDR' undeclared (first use in this function)
   77 |         HAL_I2C_Master_Transmit (&hi2c1, LCD_ADDR,(uint8_t *) data_t, 4, 100);
      |                                          ^~~~~~~~
../Core/Src/main.c:77:42: note: each undeclared identifier is reported only once for each function it appears in
../Core/Src/main.c: In function 'LCD_Data':
../Core/Src/main.c:89:42: error: 'LCD_ADDR' undeclared (first use in this function)
   89 |         HAL_I2C_Master_Transmit (&hi2c1, LCD_ADDR,(uint8_t *) data_t, 4, 100);
      |                                          ^~~~~~~~
../Core/Src/main.c: In function 'DHT11_Check':
../Core/Src/main.c:189:64: error: 'Response' undeclared (first use in this function); did you mean 'response'?
  189 |                 if ((HAL_GPIO_ReadPin(DHT11_PORT, DHT11_PIN))) Response = 1;
      |                                                                ^~~~~~~~
      |                                                                response
../Core/Src/main.c:184:17: warning: unused variable 'response' [-Wunused-variable]
  184 |         uint8_t response = 0;
      |                 ^~~~~~~~
../Core/Src/main.c:195:1: warning: control reaches end of non-void function [-Wreturn-type]
  195 | }
      | ^
make: *** [Core/Src/subdir.mk:34: Core/Src/main.o] Error 1
"make -j8 all" terminated with exit code 2. Build might be incomplete.
17:12:26 **** Incremental Build of configuration Debug for project Demo ****
make -j8 all 
arm-none-eabi-gcc "../Core/Src/main.c" -mcpu=cortex-m3 -std=gnu11 -g3 -DDEBUG -DUSE_HAL_DRIVER -DSTM32F103xB -c -I../Core/Inc -I../Drivers/STM32F1xx_HAL_Driver/Inc/Legacy -I../Drivers/STM32F1xx_HAL_Driver/Inc -I../Drivers/CMSIS/Device/ST/STM32F1xx/Include -I../Drivers/CMSIS/Include -O0 -ffunction-sections -fdata-sections -Wall -fstack-usage -fcyclomatic-complexity -MMD -MP -MF"Core/Src/main.d" -MT"Core/Src/main.o" --specs=nano.specs -mfloat-abi=soft -mthumb -o "Core/Src/main.o"
../Core/Src/main.c: In function 'DHT11_Check':
../Core/Src/main.c:189:64: error: 'Response' undeclared (first use in this function); did you mean 'response'?
  189 |                 if ((HAL_GPIO_ReadPin(DHT11_PORT, DHT11_PIN))) Response = 1;
      |                                                                ^~~~~~~~
      |                                                                response
../Core/Src/main.c:189:64: note: each undeclared identifier is reported only once for each function it appears in
../Core/Src/main.c: In function 'main':
../Core/Src/main.c:247:3: error: 'HAL_I2C' undeclared (first use in this function)
  247 |   HAL_I2C
      |   ^~~~~~~
../Core/Src/main.c:247:10: error: expected ';' before 'while'
  247 |   HAL_I2C
      |          ^
      |          ;
......
  252 |   while (1)
      |   ~~~~~   
make: *** [Core/Src/subdir.mk:34: Core/Src/main.o] Error 1
"make -j8 all" terminated with exit code 2. Build might be incomplete.
17:12:54 **** Incremental Build of configuration Debug for project Demo ****
make -j8 all 
arm-none-eabi-gcc "../Core/Src/main.c" -mcpu=cortex-m3 -std=gnu11 -g3 -DDEBUG -DUSE_HAL_DRIVER -DSTM32F103xB -c -I../Core/Inc -I../Drivers/STM32F1xx_HAL_Driver/Inc/Legacy -I../Drivers/STM32F1xx_HAL_Driver/Inc -I../Drivers/CMSIS/Device/ST/STM32F1xx/Include -I../Drivers/CMSIS/Include -O0 -ffunction-sections -fdata-sections -Wall -fstack-usage -fcyclomatic-complexity -MMD -MP -MF"Core/Src/main.d" -MT"Core/Src/main.o" --specs=nano.specs -mfloat-abi=soft -mthumb -o "Core/Src/main.o"
../Core/Src/main.c: In function 'DHT11_Check':
../Core/Src/main.c:189:64: error: 'Response' undeclared (first use in this function); did you mean 'response'?
  189 |                 if ((HAL_GPIO_ReadPin(DHT11_PORT, DHT11_PIN))) Response = 1;
      |                                                                ^~~~~~~~
      |                                                                response
../Core/Src/main.c:189:64: note: each undeclared identifier is reported only once for each function it appears in
make: *** [Core/Src/subdir.mk:34: Core/Src/main.o] Error 1
"make -j8 all" terminated with exit code 2. Build might be incomplete.
17:13:07 **** Incremental Build of configuration Debug for project Demo ****
make -j8 all 
arm-none-eabi-gcc "../Core/Src/main.c" -mcpu=cortex-m3 -std=gnu11 -g3 -DDEBUG -DUSE_HAL_DRIVER -DSTM32F103xB -c -I../Core/Inc -I../Drivers/STM32F1xx_HAL_Driver/Inc/Legacy -I../Drivers/STM32F1xx_HAL_Driver/Inc -I../Drivers/CMSIS/Device/ST/STM32F1xx/Include -I../Drivers/CMSIS/Include -O0 -ffunction-sections -fdata-sections -Wall -fstack-usage -fcyclomatic-complexity -MMD -MP -MF"Core/Src/main.d" -MT"Core/Src/main.o" --specs=nano.specs -mfloat-abi=soft -mthumb -o "Core/Src/main.o"
arm-none-eabi-gcc -o "Demo.elf" @"objects.list"   -mcpu=cortex-m3 -T"P:\Prj\Demo\Demo\STM32F103C8TX_FLASH.ld" --specs=nosys.specs -Wl,-Map="Demo.map" -Wl,--gc-sections -static --specs=nano.specs -mfloat-abi=soft -mthumb -Wl,--start-group -lc -lm -Wl,--end-group
Finished building target: Demo.elf
 
arm-none-eabi-size   Demo.elf 
arm-none-eabi-objdump -h -S  Demo.elf  > "Demo.list"
   text	   data	    bss	    dec	    hex	filename
   8536	     20	   1812	  10368	   2880	Demo.elf
Finished building: default.size.stdout
 
Finished building: Demo.list
 
16:24:54 **** Incremental Build of configuration Debug for project Demo ****
make -j8 all 
arm-none-eabi-gcc "../Core/Src/main.c" -mcpu=cortex-m3 -std=gnu11 -g3 -DDEBUG -DUSE_HAL_DRIVER -DSTM32F103xB -c -I../Core/Inc -I../Drivers/STM32F1xx_HAL_Driver/Inc/Legacy -I../Drivers/STM32F1xx_HAL_Driver/Inc -I../Drivers/CMSIS/Device/ST/STM32F1xx/Include -I../Drivers/CMSIS/Include -O0 -ffunction-sections -fdata-sections -Wall -fstack-usage -fcyclomatic-complexity -MMD -MP -MF"Core/Src/main.d" -MT"Core/Src/main.o" --specs=nano.specs -mfloat-abi=soft -mthumb -o "Core/Src/main.o"
../Core/Src/main.c: In function 'main':
../Core/Src/main.c:228:20: warning: pointer targets in passing argument 1 of 'LCD_String' differ in signedness [-Wpointer-sign]
  228 |         LCD_String(tempe_display);
      |                    ^~~~~~~~~~~~~
      |                    |
      |                    uint8_t * {aka unsigned char *}
../Core/Src/main.c:128:23: note: expected 'char *' but argument is of type 'uint8_t *' {aka 'unsigned char *'}
  128 | void LCD_String(char *s)
      |                 ~~~~~~^
../Core/Src/main.c:229:20: warning: pointer targets in passing argument 1 of 'LCD_String' differ in signedness [-Wpointer-sign]
  229 |         LCD_String(humid_display);
      |                    ^~~~~~~~~~~~~
      |                    |
      |                    uint8_t * {aka unsigned char *}
../Core/Src/main.c:128:23: note: expected 'char *' but argument is of type 'uint8_t *' {aka 'unsigned char *'}
  128 | void LCD_String(char *s)
      |                 ~~~~~~^
arm-none-eabi-gcc -o "Demo.elf" @"objects.list"   -mcpu=cortex-m3 -T"P:\Prj\Demo\Demo\STM32F103C8TX_FLASH.ld" --specs=nosys.specs -Wl,-Map="Demo.map" -Wl,--gc-sections -static --specs=nano.specs -mfloat-abi=soft -mthumb -Wl,--start-group -lc -lm -Wl,--end-group
Finished building target: Demo.elf
 
arm-none-eabi-size   Demo.elf 
arm-none-eabi-objdump -h -S  Demo.elf  > "Demo.list"
   text	   data	    bss	    dec	    hex	filename
  10412	     40	   1808	  12260	   2fe4	Demo.elf
Finished building: default.size.stdout
 
Finished building: Demo.list
 
16:26:29 **** Incremental Build of configuration Debug for project Demo ****
make -j8 all 
arm-none-eabi-gcc "../Core/Src/main.c" -mcpu=cortex-m3 -std=gnu11 -g3 -DDEBUG -DUSE_HAL_DRIVER -DSTM32F103xB -c -I../Core/Inc -I../Drivers/STM32F1xx_HAL_Driver/Inc/Legacy -I../Drivers/STM32F1xx_HAL_Driver/Inc -I../Drivers/CMSIS/Device/ST/STM32F1xx/Include -I../Drivers/CMSIS/Include -O0 -ffunction-sections -fdata-sections -Wall -fstack-usage -fcyclomatic-complexity -MMD -MP -MF"Core/Src/main.d" -MT"Core/Src/main.o" --specs=nano.specs -mfloat-abi=soft -mthumb -o "Core/Src/main.o"
../Core/Src/main.c: In function 'main':
../Core/Src/main.c:228:20: warning: pointer targets in passing argument 1 of 'LCD_String' differ in signedness [-Wpointer-sign]
  228 |         LCD_String(tempe_display);
      |                    ^~~~~~~~~~~~~
      |                    |
      |                    uint8_t * {aka unsigned char *}
../Core/Src/main.c:128:23: note: expected 'char *' but argument is of type 'uint8_t *' {aka 'unsigned char *'}
  128 | void LCD_String(char *s)
      |                 ~~~~~~^
../Core/Src/main.c:229:20: warning: pointer targets in passing argument 1 of 'LCD_String' differ in signedness [-Wpointer-sign]
  229 |         LCD_String(humid_display);
      |                    ^~~~~~~~~~~~~
      |                    |
      |                    uint8_t * {aka unsigned char *}
../Core/Src/main.c:128:23: note: expected 'char *' but argument is of type 'uint8_t *' {aka 'unsigned char *'}
  128 | void LCD_String(char *s)
      |                 ~~~~~~^
arm-none-eabi-gcc -o "Demo.elf" @"objects.list"   -mcpu=cortex-m3 -T"P:\Prj\Demo\Demo\STM32F103C8TX_FLASH.ld" --specs=nosys.specs -Wl,-Map="Demo.map" -Wl,--gc-sections -static --specs=nano.specs -mfloat-abi=soft -mthumb -Wl,--start-group -lc -lm -Wl,--end-group
Finished building target: Demo.elf
 
arm-none-eabi-size   Demo.elf 
arm-none-eabi-objdump -h -S  Demo.elf  > "Demo.list"
   text	   data	    bss	    dec	    hex	filename
  10432	     40	   1808	  12280	   2ff8	Demo.elf
Finished building: default.size.stdout
 
Finished building: Demo.list
 
16:28:16 **** Incremental Build of configuration Debug for project Demo ****
make -j8 all 
arm-none-eabi-gcc "../Core/Src/main.c" -mcpu=cortex-m3 -std=gnu11 -g3 -DDEBUG -DUSE_HAL_DRIVER -DSTM32F103xB -c -I../Core/Inc -I../Drivers/STM32F1xx_HAL_Driver/Inc/Legacy -I../Drivers/STM32F1xx_HAL_Driver/Inc -I../Drivers/CMSIS/Device/ST/STM32F1xx/Include -I../Drivers/CMSIS/Include -O0 -ffunction-sections -fdata-sections -Wall -fstack-usage -fcyclomatic-complexity -MMD -MP -MF"Core/Src/main.d" -MT"Core/Src/main.o" --specs=nano.specs -mfloat-abi=soft -mthumb -o "Core/Src/main.o"
arm-none-eabi-gcc -o "Demo.elf" @"objects.list"   -mcpu=cortex-m3 -T"P:\Prj\Demo\Demo\STM32F103C8TX_FLASH.ld" --specs=nosys.specs -Wl,-Map="Demo.map" -Wl,--gc-sections -static --specs=nano.specs -mfloat-abi=soft -mthumb -Wl,--start-group -lc -lm -Wl,--end-group
Finished building target: Demo.elf
 
arm-none-eabi-size   Demo.elf 
arm-none-eabi-objdump -h -S  Demo.elf  > "Demo.list"
   text	   data	    bss	    dec	    hex	filename
   8560	     20	   1812	  10392	   2898	Demo.elf
Finished building: default.size.stdout
 
Finished building: Demo.list
 
16:28:49 **** Incremental Build of configuration Debug for project Demo ****
make -j8 all 
arm-none-eabi-gcc "../Core/Src/main.c" -mcpu=cortex-m3 -std=gnu11 -g3 -DDEBUG -DUSE_HAL_DRIVER -DSTM32F103xB -c -I../Core/Inc -I../Drivers/STM32F1xx_HAL_Driver/Inc/Legacy -I../Drivers/STM32F1xx_HAL_Driver/Inc -I../Drivers/CMSIS/Device/ST/STM32F1xx/Include -I../Drivers/CMSIS/Include -O0 -ffunction-sections -fdata-sections -Wall -fstack-usage -fcyclomatic-complexity -MMD -MP -MF"Core/Src/main.d" -MT"Core/Src/main.o" --specs=nano.specs -mfloat-abi=soft -mthumb -o "Core/Src/main.o"
arm-none-eabi-gcc -o "Demo.elf" @"objects.list"   -mcpu=cortex-m3 -T"P:\Prj\Demo\Demo\STM32F103C8TX_FLASH.ld" --specs=nosys.specs -Wl,-Map="Demo.map" -Wl,--gc-sections -static --specs=nano.specs -mfloat-abi=soft -mthumb -Wl,--start-group -lc -lm -Wl,--end-group
Finished building target: Demo.elf
 
arm-none-eabi-size   Demo.elf 
arm-none-eabi-objdump -h -S  Demo.elf  > "Demo.list"
   text	   data	    bss	    dec	    hex	filename
   8560	     20	   1812	  10392	   2898	Demo.elf
Finished building: default.size.stdout
 
Finished building: Demo.list
 
16:30:17 **** Incremental Build of configuration Debug for project Demo ****
make -j8 all 
arm-none-eabi-gcc "../Core/Src/main.c" -mcpu=cortex-m3 -std=gnu11 -g3 -DDEBUG -DUSE_HAL_DRIVER -DSTM32F103xB -c -I../Core/Inc -I../Drivers/STM32F1xx_HAL_Driver/Inc/Legacy -I../Drivers/STM32F1xx_HAL_Driver/Inc -I../Drivers/CMSIS/Device/ST/STM32F1xx/Include -I../Drivers/CMSIS/Include -O0 -ffunction-sections -fdata-sections -Wall -fstack-usage -fcyclomatic-complexity -MMD -MP -MF"Core/Src/main.d" -MT"Core/Src/main.o" --specs=nano.specs -mfloat-abi=soft -mthumb -o "Core/Src/main.o"
../Core/Src/main.c: In function 'main':
../Core/Src/main.c:228:20: warning: pointer targets in passing argument 1 of 'LCD_String' differ in signedness [-Wpointer-sign]
  228 |         LCD_String(tempe_display);
      |                    ^~~~~~~~~~~~~
      |                    |
      |                    uint8_t * {aka unsigned char *}
../Core/Src/main.c:128:23: note: expected 'char *' but argument is of type 'uint8_t *' {aka 'unsigned char *'}
  128 | void LCD_String(char *s)
      |                 ~~~~~~^
../Core/Src/main.c:229:20: warning: pointer targets in passing argument 1 of 'LCD_String' differ in signedness [-Wpointer-sign]
  229 |         LCD_String(humid_display);
      |                    ^~~~~~~~~~~~~
      |                    |
      |                    uint8_t * {aka unsigned char *}
../Core/Src/main.c:128:23: note: expected 'char *' but argument is of type 'uint8_t *' {aka 'unsigned char *'}
  128 | void LCD_String(char *s)
      |                 ~~~~~~^
arm-none-eabi-gcc -o "Demo.elf" @"objects.list"   -mcpu=cortex-m3 -T"P:\Prj\Demo\Demo\STM32F103C8TX_FLASH.ld" --specs=nosys.specs -Wl,-Map="Demo.map" -Wl,--gc-sections -static --specs=nano.specs -mfloat-abi=soft -mthumb -Wl,--start-group -lc -lm -Wl,--end-group
Finished building target: Demo.elf
 
arm-none-eabi-size   Demo.elf 
arm-none-eabi-objdump -h -S  Demo.elf  > "Demo.list"
   text	   data	    bss	    dec	    hex	filename
  10432	     40	   1808	  12280	   2ff8	Demo.elf
Finished building: default.size.stdout
 
Finished building: Demo.list
 
16:31:02 **** Incremental Build of configuration Debug for project Demo ****
make -j8 all 
arm-none-eabi-gcc "../Core/Src/main.c" -mcpu=cortex-m3 -std=gnu11 -g3 -DDEBUG -DUSE_HAL_DRIVER -DSTM32F103xB -c -I../Core/Inc -I../Drivers/STM32F1xx_HAL_Driver/Inc/Legacy -I../Drivers/STM32F1xx_HAL_Driver/Inc -I../Drivers/CMSIS/Device/ST/STM32F1xx/Include -I../Drivers/CMSIS/Include -O0 -ffunction-sections -fdata-sections -Wall -fstack-usage -fcyclomatic-complexity -MMD -MP -MF"Core/Src/main.d" -MT"Core/Src/main.o" --specs=nano.specs -mfloat-abi=soft -mthumb -o "Core/Src/main.o"
arm-none-eabi-gcc -o "Demo.elf" @"objects.list"   -mcpu=cortex-m3 -T"P:\Prj\Demo\Demo\STM32F103C8TX_FLASH.ld" --specs=nosys.specs -Wl,-Map="Demo.map" -Wl,--gc-sections -static --specs=nano.specs -mfloat-abi=soft -mthumb -Wl,--start-group -lc -lm -Wl,--end-group
Finished building target: Demo.elf
 
arm-none-eabi-size   Demo.elf 
arm-none-eabi-objdump -h -S  Demo.elf  > "Demo.list"
   text	   data	    bss	    dec	    hex	filename
  10432	     40	   1808	  12280	   2ff8	Demo.elf
Finished building: default.size.stdout
 
Finished building: Demo.list
 
16:34:29 **** Incremental Build of configuration Debug for project Demo ****
make -j8 all 
arm-none-eabi-gcc "../Core/Src/main.c" -mcpu=cortex-m3 -std=gnu11 -g3 -DDEBUG -DUSE_HAL_DRIVER -DSTM32F103xB -c -I../Core/Inc -I../Drivers/STM32F1xx_HAL_Driver/Inc/Legacy -I../Drivers/STM32F1xx_HAL_Driver/Inc -I../Drivers/CMSIS/Device/ST/STM32F1xx/Include -I../Drivers/CMSIS/Include -O0 -ffunction-sections -fdata-sections -Wall -fstack-usage -fcyclomatic-complexity -MMD -MP -MF"Core/Src/main.d" -MT"Core/Src/main.o" --specs=nano.specs -mfloat-abi=soft -mthumb -o "Core/Src/main.o"
arm-none-eabi-gcc -o "Demo.elf" @"objects.list"   -mcpu=cortex-m3 -T"P:\Prj\Demo\Demo\STM32F103C8TX_FLASH.ld" --specs=nosys.specs -Wl,-Map="Demo.map" -Wl,--gc-sections -static --specs=nano.specs -mfloat-abi=soft -mthumb -Wl,--start-group -lc -lm -Wl,--end-group
Finished building target: Demo.elf
 
arm-none-eabi-size   Demo.elf 
arm-none-eabi-objdump -h -S  Demo.elf  > "Demo.list"
   text	   data	    bss	    dec	    hex	filename
  10656	     40	   1808	  12504	   30d8	Demo.elf
Finished building: default.size.stdout
 
Finished building: Demo.list
 
16:34:55 **** Incremental Build of configuration Debug for project Demo ****
make -j8 all 
arm-none-eabi-size   Demo.elf 
   text	   data	    bss	    dec	    hex	filename
  10656	     40	   1808	  12504	   30d8	Demo.elf
Finished building: default.size.stdout
 
16:35:31 **** Incremental Build of configuration Debug for project Demo ****
make -j8 all 
arm-none-eabi-gcc "../Core/Src/main.c" -mcpu=cortex-m3 -std=gnu11 -g3 -DDEBUG -DUSE_HAL_DRIVER -DSTM32F103xB -c -I../Core/Inc -I../Drivers/STM32F1xx_HAL_Driver/Inc/Legacy -I../Drivers/STM32F1xx_HAL_Driver/Inc -I../Drivers/CMSIS/Device/ST/STM32F1xx/Include -I../Drivers/CMSIS/Include -O0 -ffunction-sections -fdata-sections -Wall -fstack-usage -fcyclomatic-complexity -MMD -MP -MF"Core/Src/main.d" -MT"Core/Src/main.o" --specs=nano.specs -mfloat-abi=soft -mthumb -o "Core/Src/main.o"
arm-none-eabi-gcc -o "Demo.elf" @"objects.list"   -mcpu=cortex-m3 -T"P:\Prj\Demo\Demo\STM32F103C8TX_FLASH.ld" --specs=nosys.specs -Wl,-Map="Demo.map" -Wl,--gc-sections -static --specs=nano.specs -mfloat-abi=soft -mthumb -Wl,--start-group -lc -lm -Wl,--end-group
Finished building target: Demo.elf
 
arm-none-eabi-size   Demo.elf 
arm-none-eabi-objdump -h -S  Demo.elf  > "Demo.list"
   text	   data	    bss	    dec	    hex	filename
  10656	     40	   1808	  12504	   30d8	Demo.elf
Finished building: default.size.stdout
 
Finished building: Demo.list
 
16:36:21 **** Incremental Build of configuration Debug for project Demo ****
make -j8 all 
arm-none-eabi-gcc "../Core/Src/main.c" -mcpu=cortex-m3 -std=gnu11 -g3 -DDEBUG -DUSE_HAL_DRIVER -DSTM32F103xB -c -I../Core/Inc -I../Drivers/STM32F1xx_HAL_Driver/Inc/Legacy -I../Drivers/STM32F1xx_HAL_Driver/Inc -I../Drivers/CMSIS/Device/ST/STM32F1xx/Include -I../Drivers/CMSIS/Include -O0 -ffunction-sections -fdata-sections -Wall -fstack-usage -fcyclomatic-complexity -MMD -MP -MF"Core/Src/main.d" -MT"Core/Src/main.o" --specs=nano.specs -mfloat-abi=soft -mthumb -o "Core/Src/main.o"
arm-none-eabi-gcc -o "Demo.elf" @"objects.list"   -mcpu=cortex-m3 -T"P:\Prj\Demo\Demo\STM32F103C8TX_FLASH.ld" --specs=nosys.specs -Wl,-Map="Demo.map" -Wl,--gc-sections -static --specs=nano.specs -mfloat-abi=soft -mthumb -Wl,--start-group -lc -lm -Wl,--end-group
Finished building target: Demo.elf
 
arm-none-eabi-size   Demo.elf 
arm-none-eabi-objdump -h -S  Demo.elf  > "Demo.list"
   text	   data	    bss	    dec	    hex	filename
   8560	     20	   1812	  10392	   2898	Demo.elf
Finished building: default.size.stdout
 
Finished building: Demo.list
 
16:36:45 **** Incremental Build of configuration Debug for project Demo ****
make -j8 all 
arm-none-eabi-gcc "../Core/Src/main.c" -mcpu=cortex-m3 -std=gnu11 -g3 -DDEBUG -DUSE_HAL_DRIVER -DSTM32F103xB -c -I../Core/Inc -I../Drivers/STM32F1xx_HAL_Driver/Inc/Legacy -I../Drivers/STM32F1xx_HAL_Driver/Inc -I../Drivers/CMSIS/Device/ST/STM32F1xx/Include -I../Drivers/CMSIS/Include -O0 -ffunction-sections -fdata-sections -Wall -fstack-usage -fcyclomatic-complexity -MMD -MP -MF"Core/Src/main.d" -MT"Core/Src/main.o" --specs=nano.specs -mfloat-abi=soft -mthumb -o "Core/Src/main.o"
arm-none-eabi-gcc -o "Demo.elf" @"objects.list"   -mcpu=cortex-m3 -T"P:\Prj\Demo\Demo\STM32F103C8TX_FLASH.ld" --specs=nosys.specs -Wl,-Map="Demo.map" -Wl,--gc-sections -static --specs=nano.specs -mfloat-abi=soft -mthumb -Wl,--start-group -lc -lm -Wl,--end-group
Finished building target: Demo.elf
 
arm-none-eabi-size   Demo.elf 
arm-none-eabi-objdump -h -S  Demo.elf  > "Demo.list"
   text	   data	    bss	    dec	    hex	filename
  10496	     20	   1812	  12328	   3028	Demo.elf
Finished building: default.size.stdout
 
Finished building: Demo.list
 
16:39:36 **** Incremental Build of configuration Debug for project Demo ****
make -j8 all 
arm-none-eabi-gcc "../Core/Src/main.c" -mcpu=cortex-m3 -std=gnu11 -g3 -DDEBUG -DUSE_HAL_DRIVER -DSTM32F103xB -c -I../Core/Inc -I../Drivers/STM32F1xx_HAL_Driver/Inc/Legacy -I../Drivers/STM32F1xx_HAL_Driver/Inc -I../Drivers/CMSIS/Device/ST/STM32F1xx/Include -I../Drivers/CMSIS/Include -O0 -ffunction-sections -fdata-sections -Wall -fstack-usage -fcyclomatic-complexity -MMD -MP -MF"Core/Src/main.d" -MT"Core/Src/main.o" --specs=nano.specs -mfloat-abi=soft -mthumb -o "Core/Src/main.o"
arm-none-eabi-gcc -o "Demo.elf" @"objects.list"   -mcpu=cortex-m3 -T"P:\Prj\Demo\Demo\STM32F103C8TX_FLASH.ld" --specs=nosys.specs -Wl,-Map="Demo.map" -Wl,--gc-sections -static --specs=nano.specs -mfloat-abi=soft -mthumb -Wl,--start-group -lc -lm -Wl,--end-group
Finished building target: Demo.elf
 
arm-none-eabi-size   Demo.elf 
arm-none-eabi-objdump -h -S  Demo.elf  > "Demo.list"
   text	   data	    bss	    dec	    hex	filename
  10496	     20	   1812	  12328	   3028	Demo.elf
Finished building: default.size.stdout
 
Finished building: Demo.list
 
16:41:53 **** Incremental Build of configuration Debug for project Demo ****
make -j8 all 
arm-none-eabi-gcc "../Core/Src/main.c" -mcpu=cortex-m3 -std=gnu11 -g3 -DDEBUG -DUSE_HAL_DRIVER -DSTM32F103xB -c -I../Core/Inc -I../Drivers/STM32F1xx_HAL_Driver/Inc/Legacy -I../Drivers/STM32F1xx_HAL_Driver/Inc -I../Drivers/CMSIS/Device/ST/STM32F1xx/Include -I../Drivers/CMSIS/Include -O0 -ffunction-sections -fdata-sections -Wall -fstack-usage -fcyclomatic-complexity -MMD -MP -MF"Core/Src/main.d" -MT"Core/Src/main.o" --specs=nano.specs -mfloat-abi=soft -mthumb -o "Core/Src/main.o"
arm-none-eabi-gcc -o "Demo.elf" @"objects.list"   -mcpu=cortex-m3 -T"P:\Prj\Demo\Demo\STM32F103C8TX_FLASH.ld" --specs=nosys.specs -Wl,-Map="Demo.map" -Wl,--gc-sections -static --specs=nano.specs -mfloat-abi=soft -mthumb -Wl,--start-group -lc -lm -Wl,--end-group
Finished building target: Demo.elf
 
arm-none-eabi-size   Demo.elf 
arm-none-eabi-objdump -h -S  Demo.elf  > "Demo.list"
   text	   data	    bss	    dec	    hex	filename
  10656	     40	   1808	  12504	   30d8	Demo.elf
Finished building: default.size.stdout
 
Finished building: Demo.list
 
16:43:46 **** Incremental Build of configuration Debug for project Demo ****
make -j8 all 
arm-none-eabi-gcc "../Core/Src/main.c" -mcpu=cortex-m3 -std=gnu11 -g3 -DDEBUG -DUSE_HAL_DRIVER -DSTM32F103xB -c -I../Core/Inc -I../Drivers/STM32F1xx_HAL_Driver/Inc/Legacy -I../Drivers/STM32F1xx_HAL_Driver/Inc -I../Drivers/CMSIS/Device/ST/STM32F1xx/Include -I../Drivers/CMSIS/Include -O0 -ffunction-sections -fdata-sections -Wall -fstack-usage -fcyclomatic-complexity -MMD -MP -MF"Core/Src/main.d" -MT"Core/Src/main.o" --specs=nano.specs -mfloat-abi=soft -mthumb -o "Core/Src/main.o"
arm-none-eabi-gcc -o "Demo.elf" @"objects.list"   -mcpu=cortex-m3 -T"P:\Prj\Demo\Demo\STM32F103C8TX_FLASH.ld" --specs=nosys.specs -Wl,-Map="Demo.map" -Wl,--gc-sections -static --specs=nano.specs -mfloat-abi=soft -mthumb -Wl,--start-group -lc -lm -Wl,--end-group
Finished building target: Demo.elf
 
arm-none-eabi-size   Demo.elf 
arm-none-eabi-objdump -h -S  Demo.elf  > "Demo.list"
   text	   data	    bss	    dec	    hex	filename
  10720	     40	   1808	  12568	   3118	Demo.elf
Finished building: default.size.stdout
 
Finished building: Demo.list
 
16:44:15 **** Incremental Build of configuration Debug for project Demo ****
make -j8 all 
arm-none-eabi-gcc "../Core/Src/main.c" -mcpu=cortex-m3 -std=gnu11 -g3 -DDEBUG -DUSE_HAL_DRIVER -DSTM32F103xB -c -I../Core/Inc -I../Drivers/STM32F1xx_HAL_Driver/Inc/Legacy -I../Drivers/STM32F1xx_HAL_Driver/Inc -I../Drivers/CMSIS/Device/ST/STM32F1xx/Include -I../Drivers/CMSIS/Include -O0 -ffunction-sections -fdata-sections -Wall -fstack-usage -fcyclomatic-complexity -MMD -MP -MF"Core/Src/main.d" -MT"Core/Src/main.o" --specs=nano.specs -mfloat-abi=soft -mthumb -o "Core/Src/main.o"
arm-none-eabi-gcc -o "Demo.elf" @"objects.list"   -mcpu=cortex-m3 -T"P:\Prj\Demo\Demo\STM32F103C8TX_FLASH.ld" --specs=nosys.specs -Wl,-Map="Demo.map" -Wl,--gc-sections -static --specs=nano.specs -mfloat-abi=soft -mthumb -Wl,--start-group -lc -lm -Wl,--end-group
Finished building target: Demo.elf
 
arm-none-eabi-size   Demo.elf 
arm-none-eabi-objdump -h -S  Demo.elf  > "Demo.list"
   text	   data	    bss	    dec	    hex	filename
  10648	     32	   1808	  12488	   30c8	Demo.elf
Finished building: default.size.stdout
 
Finished building: Demo.list
 
16:45:40 **** Incremental Build of configuration Debug for project Demo ****
make -j8 all 
arm-none-eabi-size   Demo.elf 
   text	   data	    bss	    dec	    hex	filename
  10648	     32	   1808	  12488	   30c8	Demo.elf
Finished building: default.size.stdout
 
16:46:24 **** Incremental Build of configuration Debug for project Demo ****
make -j8 all 
arm-none-eabi-gcc "../Core/Src/main.c" -mcpu=cortex-m3 -std=gnu11 -g3 -DDEBUG -DUSE_HAL_DRIVER -DSTM32F103xB -c -I../Core/Inc -I../Drivers/STM32F1xx_HAL_Driver/Inc/Legacy -I../Drivers/STM32F1xx_HAL_Driver/Inc -I../Drivers/CMSIS/Device/ST/STM32F1xx/Include -I../Drivers/CMSIS/Include -O0 -ffunction-sections -fdata-sections -Wall -fstack-usage -fcyclomatic-complexity -MMD -MP -MF"Core/Src/main.d" -MT"Core/Src/main.o" --specs=nano.specs -mfloat-abi=soft -mthumb -o "Core/Src/main.o"
arm-none-eabi-gcc -o "Demo.elf" @"objects.list"   -mcpu=cortex-m3 -T"P:\Prj\Demo\Demo\STM32F103C8TX_FLASH.ld" --specs=nosys.specs -Wl,-Map="Demo.map" -Wl,--gc-sections -static --specs=nano.specs -mfloat-abi=soft -mthumb -Wl,--start-group -lc -lm -Wl,--end-group
Finished building target: Demo.elf
 
arm-none-eabi-size   Demo.elf 
arm-none-eabi-objdump -h -S  Demo.elf  > "Demo.list"
   text	   data	    bss	    dec	    hex	filename
  10652	     32	   1808	  12492	   30cc	Demo.elf
Finished building: default.size.stdout
 
Finished building: Demo.list
 
16:47:05 **** Incremental Build of configuration Debug for project Demo ****
make -j8 all 
arm-none-eabi-gcc "../Core/Src/main.c" -mcpu=cortex-m3 -std=gnu11 -g3 -DDEBUG -DUSE_HAL_DRIVER -DSTM32F103xB -c -I../Core/Inc -I../Drivers/STM32F1xx_HAL_Driver/Inc/Legacy -I../Drivers/STM32F1xx_HAL_Driver/Inc -I../Drivers/CMSIS/Device/ST/STM32F1xx/Include -I../Drivers/CMSIS/Include -O0 -ffunction-sections -fdata-sections -Wall -fstack-usage -fcyclomatic-complexity -MMD -MP -MF"Core/Src/main.d" -MT"Core/Src/main.o" --specs=nano.specs -mfloat-abi=soft -mthumb -o "Core/Src/main.o"
arm-none-eabi-gcc -o "Demo.elf" @"objects.list"   -mcpu=cortex-m3 -T"P:\Prj\Demo\Demo\STM32F103C8TX_FLASH.ld" --specs=nosys.specs -Wl,-Map="Demo.map" -Wl,--gc-sections -static --specs=nano.specs -mfloat-abi=soft -mthumb -Wl,--start-group -lc -lm -Wl,--end-group
Finished building target: Demo.elf
 
arm-none-eabi-size   Demo.elf 
arm-none-eabi-objdump -h -S  Demo.elf  > "Demo.list"
   text	   data	    bss	    dec	    hex	filename
  10652	     32	   1808	  12492	   30cc	Demo.elf
Finished building: default.size.stdout
 
Finished building: Demo.list
 
16:47:49 **** Incremental Build of configuration Debug for project Demo ****
make -j8 all 
arm-none-eabi-gcc "../Core/Src/main.c" -mcpu=cortex-m3 -std=gnu11 -g3 -DDEBUG -DUSE_HAL_DRIVER -DSTM32F103xB -c -I../Core/Inc -I../Drivers/STM32F1xx_HAL_Driver/Inc/Legacy -I../Drivers/STM32F1xx_HAL_Driver/Inc -I../Drivers/CMSIS/Device/ST/STM32F1xx/Include -I../Drivers/CMSIS/Include -O0 -ffunction-sections -fdata-sections -Wall -fstack-usage -fcyclomatic-complexity -MMD -MP -MF"Core/Src/main.d" -MT"Core/Src/main.o" --specs=nano.specs -mfloat-abi=soft -mthumb -o "Core/Src/main.o"
arm-none-eabi-gcc -o "Demo.elf" @"objects.list"   -mcpu=cortex-m3 -T"P:\Prj\Demo\Demo\STM32F103C8TX_FLASH.ld" --specs=nosys.specs -Wl,-Map="Demo.map" -Wl,--gc-sections -static --specs=nano.specs -mfloat-abi=soft -mthumb -Wl,--start-group -lc -lm -Wl,--end-group
Finished building target: Demo.elf
 
arm-none-eabi-size   Demo.elf 
arm-none-eabi-objdump -h -S  Demo.elf  > "Demo.list"
   text	   data	    bss	    dec	    hex	filename
  10648	     32	   1808	  12488	   30c8	Demo.elf
Finished building: default.size.stdout
 
Finished building: Demo.list
 
16:49:56 **** Incremental Build of configuration Debug for project Demo ****
make -j8 all 
arm-none-eabi-size   Demo.elf 
   text	   data	    bss	    dec	    hex	filename
  10648	     32	   1808	  12488	   30c8	Demo.elf
Finished building: default.size.stdout
 
16:51:22 **** Incremental Build of configuration Debug for project Demo ****
make -j8 all 
arm-none-eabi-size   Demo.elf 
   text	   data	    bss	    dec	    hex	filename
  10648	     32	   1808	  12488	   30c8	Demo.elf
Finished building: default.size.stdout
 
16:51:49 **** Incremental Build of configuration Debug for project Demo ****
make -j8 all 
arm-none-eabi-size   Demo.elf 
   text	   data	    bss	    dec	    hex	filename
  10648	     32	   1808	  12488	   30c8	Demo.elf
Finished building: default.size.stdout
 
16:52:16 **** Incremental Build of configuration Debug for project Demo ****
make -j8 all 
arm-none-eabi-size   Demo.elf 
   text	   data	    bss	    dec	    hex	filename
  10648	     32	   1808	  12488	   30c8	Demo.elf
Finished building: default.size.stdout
 
16:57:38 **** Incremental Build of configuration Debug for project Demo ****
make -j8 all 
arm-none-eabi-gcc "../Core/Src/main.c" -mcpu=cortex-m3 -std=gnu11 -g3 -DDEBUG -DUSE_HAL_DRIVER -DSTM32F103xB -c -I../Core/Inc -I../Drivers/STM32F1xx_HAL_Driver/Inc/Legacy -I../Drivers/STM32F1xx_HAL_Driver/Inc -I../Drivers/CMSIS/Device/ST/STM32F1xx/Include -I../Drivers/CMSIS/Include -O0 -ffunction-sections -fdata-sections -Wall -fstack-usage -fcyclomatic-complexity -MMD -MP -MF"Core/Src/main.d" -MT"Core/Src/main.o" --specs=nano.specs -mfloat-abi=soft -mthumb -o "Core/Src/main.o"
../Core/Src/main.c: In function 'main':
../Core/Src/main.c:276:19: warning: pointer targets in passing argument 1 of 'sprintf' differ in signedness [-Wpointer-sign]
  276 |           sprintf(humid,"%.2f",humidity);
      |                   ^~~~~
      |                   |
      |                   uint8_t * {aka unsigned char *}
In file included from ../Core/Src/main.c:24:
O:\STM32CubeIDE_1.13.2\STM32CubeIDE\plugins\com.st.stm32cube.ide.mcu.externaltools.gnu-tools-for-stm32.11.3.rel1.win32_1.1.1.202309131626\tools\bin/../lib/gcc/arm-none-eabi/11.3.1/../../../../arm-none-eabi/include/stdio.h:254:18: note: expected 'char * restrict' but argument is of type 'uint8_t *' {aka 'unsigned char *'}
  254 | int     sprintf (char *__restrict, const char *__restrict, ...)
      |                  ^
../Core/Src/main.c:276:29: warning: format '%f' expects argument of type 'double', but argument 3 has type 'int' [-Wformat=]
  276 |           sprintf(humid,"%.2f",humidity);
      |                          ~~~^  ~~~~~~~~
      |                             |  |
      |                             |  int
      |                             double
      |                          %.2d
../Core/Src/main.c:277:19: warning: pointer targets in passing argument 1 of 'sprintf' differ in signedness [-Wpointer-sign]
  277 |           sprintf(tempe,"%.2f",temperature);
      |                   ^~~~~
      |                   |
      |                   uint8_t * {aka unsigned char *}
In file included from ../Core/Src/main.c:24:
O:\STM32CubeIDE_1.13.2\STM32CubeIDE\plugins\com.st.stm32cube.ide.mcu.externaltools.gnu-tools-for-stm32.11.3.rel1.win32_1.1.1.202309131626\tools\bin/../lib/gcc/arm-none-eabi/11.3.1/../../../../arm-none-eabi/include/stdio.h:254:18: note: expected 'char * restrict' but argument is of type 'uint8_t *' {aka 'unsigned char *'}
  254 | int     sprintf (char *__restrict, const char *__restrict, ...)
      |                  ^
../Core/Src/main.c:277:29: warning: format '%f' expects argument of type 'double', but argument 3 has type 'int' [-Wformat=]
  277 |           sprintf(tempe,"%.2f",temperature);
      |                          ~~~^  ~~~~~~~~~~~
      |                             |  |
      |                             |  int
      |                             double
      |                          %.2d
../Core/Src/main.c:278:29: error: 'temp' undeclared (first use in this function); did you mean 'tempe'?
  278 |           LCD_GotoXY(1, 10, temp);
      |                             ^~~~
      |                             tempe
../Core/Src/main.c:278:29: note: each undeclared identifier is reported only once for each function it appears in
../Core/Src/main.c:276:30: warning: 'sprintf' may write a terminating nul past the end of the destination [-Wformat-overflow=]
  276 |           sprintf(humid,"%.2f",humidity);
      |                              ^
../Core/Src/main.c:276:11: note: 'sprintf' output between 4 and 314 bytes into a destination of size 4
  276 |           sprintf(humid,"%.2f",humidity);
      |           ^~~~~~~~~~~~~~~~~~~~~~~~~~~~~~
../Core/Src/main.c:277:30: warning: 'sprintf' may write a terminating nul past the end of the destination [-Wformat-overflow=]
  277 |           sprintf(tempe,"%.2f",temperature);
      |                              ^
../Core/Src/main.c:277:11: note: 'sprintf' output between 4 and 314 bytes into a destination of size 4
  277 |           sprintf(tempe,"%.2f",temperature);
      |           ^~~~~~~~~~~~~~~~~~~~~~~~~~~~~~~~~
make: *** [Core/Src/subdir.mk:34: Core/Src/main.o] Error 1
"make -j8 all" terminated with exit code 2. Build might be incomplete.
16:58:16 **** Incremental Build of configuration Debug for project Demo ****
make -j8 all 
arm-none-eabi-gcc "../Core/Src/main.c" -mcpu=cortex-m3 -std=gnu11 -g3 -DDEBUG -DUSE_HAL_DRIVER -DSTM32F103xB -c -I../Core/Inc -I../Drivers/STM32F1xx_HAL_Driver/Inc/Legacy -I../Drivers/STM32F1xx_HAL_Driver/Inc -I../Drivers/CMSIS/Device/ST/STM32F1xx/Include -I../Drivers/CMSIS/Include -O0 -ffunction-sections -fdata-sections -Wall -fstack-usage -fcyclomatic-complexity -MMD -MP -MF"Core/Src/main.d" -MT"Core/Src/main.o" --specs=nano.specs -mfloat-abi=soft -mthumb -o "Core/Src/main.o"
../Core/Src/main.c: In function 'main':
../Core/Src/main.c:276:29: warning: format '%f' expects argument of type 'double', but argument 3 has type 'int' [-Wformat=]
  276 |           sprintf(humid,"%.2f",humidity);
      |                          ~~~^  ~~~~~~~~
      |                             |  |
      |                             |  int
      |                             double
      |                          %.2d
../Core/Src/main.c:277:29: warning: format '%f' expects argument of type 'double', but argument 3 has type 'int' [-Wformat=]
  277 |           sprintf(tempe,"%.2f",temperature);
      |                          ~~~^  ~~~~~~~~~~~
      |                             |  |
      |                             |  int
      |                             double
      |                          %.2d
../Core/Src/main.c:278:29: error: 'temp' undeclared (first use in this function); did you mean 'tempe'?
  278 |           LCD_GotoXY(1, 10, temp);
      |                             ^~~~
      |                             tempe
../Core/Src/main.c:278:29: note: each undeclared identifier is reported only once for each function it appears in
../Core/Src/main.c:276:30: warning: 'sprintf' may write a terminating nul past the end of the destination [-Wformat-overflow=]
  276 |           sprintf(humid,"%.2f",humidity);
      |                              ^
../Core/Src/main.c:276:11: note: 'sprintf' output between 4 and 314 bytes into a destination of size 4
  276 |           sprintf(humid,"%.2f",humidity);
      |           ^~~~~~~~~~~~~~~~~~~~~~~~~~~~~~
../Core/Src/main.c:277:30: warning: 'sprintf' may write a terminating nul past the end of the destination [-Wformat-overflow=]
  277 |           sprintf(tempe,"%.2f",temperature);
      |                              ^
../Core/Src/main.c:277:11: note: 'sprintf' output between 4 and 314 bytes into a destination of size 4
  277 |           sprintf(tempe,"%.2f",temperature);
      |           ^~~~~~~~~~~~~~~~~~~~~~~~~~~~~~~~~
make: *** [Core/Src/subdir.mk:34: Core/Src/main.o] Error 1
"make -j8 all" terminated with exit code 2. Build might be incomplete.
16:59:24 **** Incremental Build of configuration Debug for project Demo ****
make -j8 all 
arm-none-eabi-gcc "../Core/Src/main.c" -mcpu=cortex-m3 -std=gnu11 -g3 -DDEBUG -DUSE_HAL_DRIVER -DSTM32F103xB -c -I../Core/Inc -I../Drivers/STM32F1xx_HAL_Driver/Inc/Legacy -I../Drivers/STM32F1xx_HAL_Driver/Inc -I../Drivers/CMSIS/Device/ST/STM32F1xx/Include -I../Drivers/CMSIS/Include -O0 -ffunction-sections -fdata-sections -Wall -fstack-usage -fcyclomatic-complexity -MMD -MP -MF"Core/Src/main.d" -MT"Core/Src/main.o" --specs=nano.specs -mfloat-abi=soft -mthumb -o "Core/Src/main.o"
../Core/Src/main.c: In function 'main':
../Core/Src/main.c:278:29: error: 'temp' undeclared (first use in this function); did you mean 'tempe'?
  278 |           LCD_GotoXY(1, 10, temp);
      |                             ^~~~
      |                             tempe
../Core/Src/main.c:278:29: note: each undeclared identifier is reported only once for each function it appears in
../Core/Src/main.c:276:30: warning: 'sprintf' may write a terminating nul past the end of the destination [-Wformat-overflow=]
  276 |           sprintf(humid,"%.2f",humidity);
      |                              ^
../Core/Src/main.c:276:11: note: 'sprintf' output between 4 and 314 bytes into a destination of size 4
  276 |           sprintf(humid,"%.2f",humidity);
      |           ^~~~~~~~~~~~~~~~~~~~~~~~~~~~~~
../Core/Src/main.c:277:30: warning: 'sprintf' may write a terminating nul past the end of the destination [-Wformat-overflow=]
  277 |           sprintf(tempe,"%.2f",temperature);
      |                              ^
../Core/Src/main.c:277:11: note: 'sprintf' output between 4 and 314 bytes into a destination of size 4
  277 |           sprintf(tempe,"%.2f",temperature);
      |           ^~~~~~~~~~~~~~~~~~~~~~~~~~~~~~~~~
make: *** [Core/Src/subdir.mk:34: Core/Src/main.o] Error 1
"make -j8 all" terminated with exit code 2. Build might be incomplete.
16:59:41 **** Incremental Build of configuration Debug for project Demo ****
make -j8 all 
arm-none-eabi-gcc "../Core/Src/main.c" -mcpu=cortex-m3 -std=gnu11 -g3 -DDEBUG -DUSE_HAL_DRIVER -DSTM32F103xB -c -I../Core/Inc -I../Drivers/STM32F1xx_HAL_Driver/Inc/Legacy -I../Drivers/STM32F1xx_HAL_Driver/Inc -I../Drivers/CMSIS/Device/ST/STM32F1xx/Include -I../Drivers/CMSIS/Include -O0 -ffunction-sections -fdata-sections -Wall -fstack-usage -fcyclomatic-complexity -MMD -MP -MF"Core/Src/main.d" -MT"Core/Src/main.o" --specs=nano.specs -mfloat-abi=soft -mthumb -o "Core/Src/main.o"
../Core/Src/main.c: In function 'main':
../Core/Src/main.c:278:29: warning: passing argument 3 of 'LCD_GotoXY' makes integer from pointer without a cast [-Wint-conversion]
  278 |           LCD_GotoXY(1, 10, tempe);
      |                             ^~~~~
      |                             |
      |                             char *
../Core/Src/main.c:120:48: note: expected 'char' but argument is of type 'char *'
  120 | void LCD_GotoXY(uint8_t row, uint8_t col, char data)
      |                                           ~~~~~^~~~
../Core/Src/main.c:276:30: warning: 'sprintf' may write a terminating nul past the end of the destination [-Wformat-overflow=]
  276 |           sprintf(humid,"%.2f",humidity);
      |                              ^
../Core/Src/main.c:276:11: note: 'sprintf' output between 4 and 314 bytes into a destination of size 4
  276 |           sprintf(humid,"%.2f",humidity);
      |           ^~~~~~~~~~~~~~~~~~~~~~~~~~~~~~
../Core/Src/main.c:277:30: warning: 'sprintf' may write a terminating nul past the end of the destination [-Wformat-overflow=]
  277 |           sprintf(tempe,"%.2f",temperature);
      |                              ^
../Core/Src/main.c:277:11: note: 'sprintf' output between 4 and 314 bytes into a destination of size 4
  277 |           sprintf(tempe,"%.2f",temperature);
      |           ^~~~~~~~~~~~~~~~~~~~~~~~~~~~~~~~~
arm-none-eabi-gcc -o "Demo.elf" @"objects.list"   -mcpu=cortex-m3 -T"P:\Prj\Demo\Demo\STM32F103C8TX_FLASH.ld" --specs=nosys.specs -Wl,-Map="Demo.map" -Wl,--gc-sections -static --specs=nano.specs -mfloat-abi=soft -mthumb -u _printf_float -Wl,--start-group -lc -lm -Wl,--end-group
Finished building target: Demo.elf
 
arm-none-eabi-size   Demo.elf 
arm-none-eabi-objdump -h -S  Demo.elf  > "Demo.list"
   text	   data	    bss	    dec	    hex	filename
  26356	    488	   2160	  29004	   714c	Demo.elf
Finished building: default.size.stdout
 
Finished building: Demo.list
 
17:00:07 **** Incremental Build of configuration Debug for project Demo ****
make -j8 all 
arm-none-eabi-size   Demo.elf 
   text	   data	    bss	    dec	    hex	filename
  26356	    488	   2160	  29004	   714c	Demo.elf
Finished building: default.size.stdout
 
17:00:15 **** Incremental Build of configuration Debug for project Demo ****
make -j8 all 
arm-none-eabi-size   Demo.elf 
   text	   data	    bss	    dec	    hex	filename
  26356	    488	   2160	  29004	   714c	Demo.elf
Finished building: default.size.stdout
 
17:01:02 **** Incremental Build of configuration Debug for project Demo ****
make -j8 all 
arm-none-eabi-gcc "../Core/Src/main.c" -mcpu=cortex-m3 -std=gnu11 -g3 -DDEBUG -DUSE_HAL_DRIVER -DSTM32F103xB -c -I../Core/Inc -I../Drivers/STM32F1xx_HAL_Driver/Inc/Legacy -I../Drivers/STM32F1xx_HAL_Driver/Inc -I../Drivers/CMSIS/Device/ST/STM32F1xx/Include -I../Drivers/CMSIS/Include -O0 -ffunction-sections -fdata-sections -Wall -fstack-usage -fcyclomatic-complexity -MMD -MP -MF"Core/Src/main.d" -MT"Core/Src/main.o" --specs=nano.specs -mfloat-abi=soft -mthumb -o "Core/Src/main.o"
../Core/Src/main.c: In function 'main':
../Core/Src/main.c:278:29: warning: passing argument 3 of 'LCD_GotoXY' makes integer from pointer without a cast [-Wint-conversion]
  278 |           LCD_GotoXY(1, 10, tempe);
      |                             ^~~~~
      |                             |
      |                             char *
../Core/Src/main.c:120:48: note: expected 'char' but argument is of type 'char *'
  120 | void LCD_GotoXY(uint8_t row, uint8_t col, char data)
      |                                           ~~~~~^~~~
../Core/Src/main.c:276:30: warning: 'sprintf' may write a terminating nul past the end of the destination [-Wformat-overflow=]
  276 |           sprintf(humid,"%.2f",humidity);
      |                              ^
../Core/Src/main.c:276:11: note: 'sprintf' output between 4 and 314 bytes into a destination of size 4
  276 |           sprintf(humid,"%.2f",humidity);
      |           ^~~~~~~~~~~~~~~~~~~~~~~~~~~~~~
../Core/Src/main.c:277:30: warning: 'sprintf' may write a terminating nul past the end of the destination [-Wformat-overflow=]
  277 |           sprintf(tempe,"%.2f",temperature);
      |                              ^
../Core/Src/main.c:277:11: note: 'sprintf' output between 4 and 314 bytes into a destination of size 4
  277 |           sprintf(tempe,"%.2f",temperature);
      |           ^~~~~~~~~~~~~~~~~~~~~~~~~~~~~~~~~
arm-none-eabi-gcc -o "Demo.elf" @"objects.list"   -mcpu=cortex-m3 -T"P:\Prj\Demo\Demo\STM32F103C8TX_FLASH.ld" --specs=nosys.specs -Wl,-Map="Demo.map" -Wl,--gc-sections -static --specs=nano.specs -mfloat-abi=soft -mthumb -u _printf_float -Wl,--start-group -lc -lm -Wl,--end-group
Finished building target: Demo.elf
 
arm-none-eabi-size   Demo.elf 
arm-none-eabi-objdump -h -S  Demo.elf  > "Demo.list"
   text	   data	    bss	    dec	    hex	filename
  26308	    476	   2164	  28948	   7114	Demo.elf
Finished building: default.size.stdout
 
Finished building: Demo.list
 
17:02:53 **** Incremental Build of configuration Debug for project Demo ****
make -j8 all 
arm-none-eabi-gcc "../Core/Src/main.c" -mcpu=cortex-m3 -std=gnu11 -g3 -DDEBUG -DUSE_HAL_DRIVER -DSTM32F103xB -c -I../Core/Inc -I../Drivers/STM32F1xx_HAL_Driver/Inc/Legacy -I../Drivers/STM32F1xx_HAL_Driver/Inc -I../Drivers/CMSIS/Device/ST/STM32F1xx/Include -I../Drivers/CMSIS/Include -O0 -ffunction-sections -fdata-sections -Wall -fstack-usage -fcyclomatic-complexity -MMD -MP -MF"Core/Src/main.d" -MT"Core/Src/main.o" --specs=nano.specs -mfloat-abi=soft -mthumb -o "Core/Src/main.o"
../Core/Src/main.c: In function 'main':
../Core/Src/main.c:278:29: warning: passing argument 3 of 'LCD_GotoXY' makes integer from pointer without a cast [-Wint-conversion]
  278 |           LCD_GotoXY(1, 10, tempe);
      |                             ^~~~~
      |                             |
      |                             char *
../Core/Src/main.c:120:48: note: expected 'char' but argument is of type 'char *'
  120 | void LCD_GotoXY(uint8_t row, uint8_t col, char data)
      |                                           ~~~~~^~~~
../Core/Src/main.c:276:30: warning: 'sprintf' may write a terminating nul past the end of the destination [-Wformat-overflow=]
  276 |           sprintf(humid,"%.2f",humidity);
      |                              ^
../Core/Src/main.c:276:11: note: 'sprintf' output between 4 and 314 bytes into a destination of size 4
  276 |           sprintf(humid,"%.2f",humidity);
      |           ^~~~~~~~~~~~~~~~~~~~~~~~~~~~~~
../Core/Src/main.c:277:30: warning: 'sprintf' may write a terminating nul past the end of the destination [-Wformat-overflow=]
  277 |           sprintf(tempe,"%.2f",temperature);
      |                              ^
../Core/Src/main.c:277:11: note: 'sprintf' output between 4 and 314 bytes into a destination of size 4
  277 |           sprintf(tempe,"%.2f",temperature);
      |           ^~~~~~~~~~~~~~~~~~~~~~~~~~~~~~~~~
arm-none-eabi-gcc -o "Demo.elf" @"objects.list"   -mcpu=cortex-m3 -T"P:\Prj\Demo\Demo\STM32F103C8TX_FLASH.ld" --specs=nosys.specs -Wl,-Map="Demo.map" -Wl,--gc-sections -static --specs=nano.specs -mfloat-abi=soft -mthumb -u _printf_float -Wl,--start-group -lc -lm -Wl,--end-group
Finished building target: Demo.elf
 
arm-none-eabi-size   Demo.elf 
arm-none-eabi-objdump -h -S  Demo.elf  > "Demo.list"
   text	   data	    bss	    dec	    hex	filename
  26180	    476	   2164	  28820	   7094	Demo.elf
Finished building: default.size.stdout
 
Finished building: Demo.list
 
17:03:36 **** Incremental Build of configuration Debug for project Demo ****
make -j8 all 
arm-none-eabi-gcc "../Core/Src/main.c" -mcpu=cortex-m3 -std=gnu11 -g3 -DDEBUG -DUSE_HAL_DRIVER -DSTM32F103xB -c -I../Core/Inc -I../Drivers/STM32F1xx_HAL_Driver/Inc/Legacy -I../Drivers/STM32F1xx_HAL_Driver/Inc -I../Drivers/CMSIS/Device/ST/STM32F1xx/Include -I../Drivers/CMSIS/Include -O0 -ffunction-sections -fdata-sections -Wall -fstack-usage -fcyclomatic-complexity -MMD -MP -MF"Core/Src/main.d" -MT"Core/Src/main.o" --specs=nano.specs -mfloat-abi=soft -mthumb -o "Core/Src/main.o"
arm-none-eabi-gcc -o "Demo.elf" @"objects.list"   -mcpu=cortex-m3 -T"P:\Prj\Demo\Demo\STM32F103C8TX_FLASH.ld" --specs=nosys.specs -Wl,-Map="Demo.map" -Wl,--gc-sections -static --specs=nano.specs -mfloat-abi=soft -mthumb -u _printf_float -Wl,--start-group -lc -lm -Wl,--end-group
Finished building target: Demo.elf
 
arm-none-eabi-size   Demo.elf 
arm-none-eabi-objdump -h -S  Demo.elf  > "Demo.list"
   text	   data	    bss	    dec	    hex	filename
  23220	    476	   2156	  25852	   64fc	Demo.elf
Finished building: default.size.stdout
 
Finished building: Demo.list
 
17:07:57 **** Incremental Build of configuration Debug for project Demo ****
make -j8 all 
arm-none-eabi-gcc "../Core/Src/main.c" -mcpu=cortex-m3 -std=gnu11 -g3 -DDEBUG -DUSE_HAL_DRIVER -DSTM32F103xB -c -I../Core/Inc -I../Drivers/STM32F1xx_HAL_Driver/Inc/Legacy -I../Drivers/STM32F1xx_HAL_Driver/Inc -I../Drivers/CMSIS/Device/ST/STM32F1xx/Include -I../Drivers/CMSIS/Include -O0 -ffunction-sections -fdata-sections -Wall -fstack-usage -fcyclomatic-complexity -MMD -MP -MF"Core/Src/main.d" -MT"Core/Src/main.o" --specs=nano.specs -mfloat-abi=soft -mthumb -o "Core/Src/main.o"
arm-none-eabi-gcc -o "Demo.elf" @"objects.list"   -mcpu=cortex-m3 -T"P:\Prj\Demo\Demo\STM32F103C8TX_FLASH.ld" --specs=nosys.specs -Wl,-Map="Demo.map" -Wl,--gc-sections -static --specs=nano.specs -mfloat-abi=soft -mthumb -u _printf_float -Wl,--start-group -lc -lm -Wl,--end-group
Finished building target: Demo.elf
 
arm-none-eabi-size   Demo.elf 
arm-none-eabi-objdump -h -S  Demo.elf  > "Demo.list"
   text	   data	    bss	    dec	    hex	filename
  24604	    476	   2148	  27228	   6a5c	Demo.elf
Finished building: default.size.stdout
 
Finished building: Demo.list
 
17:12:36 **** Incremental Build of configuration Debug for project Demo ****
make -j8 all 
arm-none-eabi-gcc "../Core/Src/main.c" -mcpu=cortex-m3 -std=gnu11 -g3 -DDEBUG -DUSE_HAL_DRIVER -DSTM32F103xB -c -I../Core/Inc -I../Drivers/STM32F1xx_HAL_Driver/Inc/Legacy -I../Drivers/STM32F1xx_HAL_Driver/Inc -I../Drivers/CMSIS/Device/ST/STM32F1xx/Include -I../Drivers/CMSIS/Include -O0 -ffunction-sections -fdata-sections -Wall -fstack-usage -fcyclomatic-complexity -MMD -MP -MF"Core/Src/main.d" -MT"Core/Src/main.o" --specs=nano.specs -mfloat-abi=soft -mthumb -o "Core/Src/main.o"
../Core/Src/main.c: In function 'LCD_Init':
../Core/Src/main.c:97:9: warning: implicit declaration of function 'delay_1us' [-Wimplicit-function-declaration]
   97 |         delay_1us(50000);  // wait for >40ms
      |         ^~~~~~~~~
../Core/Src/main.c: At top level:
../Core/Src/main.c:145:6: warning: conflicting types for 'delay_1us'; have 'void(uint32_t)' {aka 'void(long unsigned int)'}
  145 | void delay_1us(uint32_t time)
      |      ^~~~~~~~~
../Core/Src/main.c:97:9: note: previous implicit declaration of 'delay_1us' with type 'void(uint32_t)' {aka 'void(long unsigned int)'}
   97 |         delay_1us(50000);  // wait for >40ms
      |         ^~~~~~~~~
[...]
arm-none-eabi-gcc -o "Demo.elf" @"objects.list"   -mcpu=cortex-m3 -T"P:\Prj\Demo\Demo\STM32F103C8TX_FLASH.ld" --specs=nosys.specs -Wl,-Map="Demo.map" -Wl,--gc-sections -static --specs=nano.specs -mfloat-abi=soft -mthumb -u _printf_float -Wl,--start-group -lc -lm -Wl,--end-group
Finished building target: Demo.elf
 
arm-none-eabi-size   Demo.elf 
arm-none-eabi-objdump -h -S  Demo.elf  > "Demo.list"
   text	   data	    bss	    dec	    hex	filename
  33052	    500	   2260	  35812	   8be4	Demo.elf
Finished building: default.size.stdout
 
Finished building: Demo.list
 
09:04:22 **** Incremental Build of configuration Debug for project Demo ****
make -j8 all 
arm-none-eabi-gcc "../Core/Src/main.c" -mcpu=cortex-m3 -std=gnu11 -g3 -DDEBUG -DUSE_HAL_DRIVER -DSTM32F103xB -c -I../Core/Inc -I../Drivers/STM32F1xx_HAL_Driver/Inc/Legacy -I../Drivers/STM32F1xx_HAL_Driver/Inc -I../Drivers/CMSIS/Device/ST/STM32F1xx/Include -I../Drivers/CMSIS/Include -O0 -ffunction-sections -fdata-sections -Wall -fstack-usage -fcyclomatic-complexity -MMD -MP -MF"Core/Src/main.d" -MT"Core/Src/main.o" --specs=nano.specs -mfloat-abi=soft -mthumb -o "Core/Src/main.o"
arm-none-eabi-gcc -o "Demo.elf" @"objects.list"   -mcpu=cortex-m3 -T"P:\Prj\Demo\Demo\STM32F103C8TX_FLASH.ld" --specs=nosys.specs -Wl,-Map="Demo.map" -Wl,--gc-sections -static --specs=nano.specs -mfloat-abi=soft -mthumb -u _printf_float -Wl,--start-group -lc -lm -Wl,--end-group
Finished building target: Demo.elf
 
arm-none-eabi-size   Demo.elf 
arm-none-eabi-objdump -h -S  Demo.elf  > "Demo.list"
   text	   data	    bss	    dec	    hex	filename
  33052	    500	   2252	  35804	   8bdc	Demo.elf
Finished building: default.size.stdout
 
Finished building: Demo.list
 
09:05:35 **** Incremental Build of configuration Debug for project Demo ****
make -j8 all 
arm-none-eabi-gcc "../Core/Src/main.c" -mcpu=cortex-m3 -std=gnu11 -g3 -DDEBUG -DUSE_HAL_DRIVER -DSTM32F103xB -c -I../Core/Inc -I../Drivers/STM32F1xx_HAL_Driver/Inc/Legacy -I../Drivers/STM32F1xx_HAL_Driver/Inc -I../Drivers/CMSIS/Device/ST/STM32F1xx/Include -I../Drivers/CMSIS/Include -O0 -ffunction-sections -fdata-sections -Wall -fstack-usage -fcyclomatic-complexity -MMD -MP -MF"Core/Src/main.d" -MT"Core/Src/main.o" --specs=nano.specs -mfloat-abi=soft -mthumb -o "Core/Src/main.o"
arm-none-eabi-gcc -o "Demo.elf" @"objects.list"   -mcpu=cortex-m3 -T"P:\Prj\Demo\Demo\STM32F103C8TX_FLASH.ld" --specs=nosys.specs -Wl,-Map="Demo.map" -Wl,--gc-sections -static --specs=nano.specs -mfloat-abi=soft -mthumb -u _printf_float -Wl,--start-group -lc -lm -Wl,--end-group
Finished building target: Demo.elf
 
arm-none-eabi-size   Demo.elf 
arm-none-eabi-objdump -h -S  Demo.elf  > "Demo.list"
   text	   data	    bss	    dec	    hex	filename
  33052	    500	   2252	  35804	   8bdc	Demo.elf
Finished building: default.size.stdout
 
Finished building: Demo.list
 
06:29:17 **** Incremental Build of configuration Debug for project Demo ****
make -j8 all 
arm-none-eabi-gcc "../Core/Src/main.c" -mcpu=cortex-m3 -std=gnu11 -g3 -DDEBUG -DUSE_HAL_DRIVER -DSTM32F103xB -c -I../Core/Inc -I../Drivers/STM32F1xx_HAL_Driver/Inc/Legacy -I../Drivers/STM32F1xx_HAL_Driver/Inc -I../Drivers/CMSIS/Device/ST/STM32F1xx/Include -I../Drivers/CMSIS/Include -O0 -ffunction-sections -fdata-sections -Wall -fstack-usage -fcyclomatic-complexity -MMD -MP -MF"Core/Src/main.d" -MT"Core/Src/main.o" --specs=nano.specs -mfloat-abi=soft -mthumb -o "Core/Src/main.o"
arm-none-eabi-gcc -o "Demo.elf" @"objects.list"   -mcpu=cortex-m3 -T"P:\Prj\Demo\Demo\STM32F103C8TX_FLASH.ld" --specs=nosys.specs -Wl,-Map="Demo.map" -Wl,--gc-sections -static --specs=nano.specs -mfloat-abi=soft -mthumb -u _printf_float -Wl,--start-group -lc -lm -Wl,--end-group
Finished building target: Demo.elf
 
arm-none-eabi-size   Demo.elf 
arm-none-eabi-objdump -h -S  Demo.elf  > "Demo.list"
   text	   data	    bss	    dec	    hex	filename
  33052	    500	   2252	  35804	   8bdc	Demo.elf
Finished building: default.size.stdout
 
Finished building: Demo.list
 
06:40:33 **** Incremental Build of configuration Debug for project Demo ****
make -j8 all 
arm-none-eabi-gcc "../Core/Src/main.c" -mcpu=cortex-m3 -std=gnu11 -g3 -DDEBUG -DUSE_HAL_DRIVER -DSTM32F103xB -c -I../Core/Inc -I../Drivers/STM32F1xx_HAL_Driver/Inc/Legacy -I../Drivers/STM32F1xx_HAL_Driver/Inc -I../Drivers/CMSIS/Device/ST/STM32F1xx/Include -I../Drivers/CMSIS/Include -O0 -ffunction-sections -fdata-sections -Wall -fstack-usage -fcyclomatic-complexity -MMD -MP -MF"Core/Src/main.d" -MT"Core/Src/main.o" --specs=nano.specs -mfloat-abi=soft -mthumb -o "Core/Src/main.o"
arm-none-eabi-gcc -o "Demo.elf" @"objects.list"   -mcpu=cortex-m3 -T"P:\Prj\Demo\Demo\STM32F103C8TX_FLASH.ld" --specs=nosys.specs -Wl,-Map="Demo.map" -Wl,--gc-sections -static --specs=nano.specs -mfloat-abi=soft -mthumb -u _printf_float -Wl,--start-group -lc -lm -Wl,--end-group
Finished building target: Demo.elf
 
arm-none-eabi-size   Demo.elf 
arm-none-eabi-objdump -h -S  Demo.elf  > "Demo.list"
   text	   data	    bss	    dec	    hex	filename
  31092	    500	   2252	  33844	   8434	Demo.elf
Finished building: default.size.stdout
 
Finished building: Demo.list
 
06:42:14 **** Incremental Build of configuration Debug for project Demo ****
make -j8 all 
arm-none-eabi-size   Demo.elf 
   text	   data	    bss	    dec	    hex	filename
  31092	    500	   2252	  33844	   8434	Demo.elf
Finished building: default.size.stdout
 
06:42:30 **** Incremental Build of configuration Debug for project Demo ****
make -j8 all 
arm-none-eabi-size   Demo.elf 
   text	   data	    bss	    dec	    hex	filename
  31092	    500	   2252	  33844	   8434	Demo.elf
Finished building: default.size.stdout
 
06:45:17 **** Incremental Build of configuration Debug for project Demo ****
make -j8 all 
arm-none-eabi-gcc "../Core/Src/main.c" -mcpu=cortex-m3 -std=gnu11 -g3 -DDEBUG -DUSE_HAL_DRIVER -DSTM32F103xB -c -I../Core/Inc -I../Drivers/STM32F1xx_HAL_Driver/Inc/Legacy -I../Drivers/STM32F1xx_HAL_Driver/Inc -I../Drivers/CMSIS/Device/ST/STM32F1xx/Include -I../Drivers/CMSIS/Include -O0 -ffunction-sections -fdata-sections -Wall -fstack-usage -fcyclomatic-complexity -MMD -MP -MF"Core/Src/main.d" -MT"Core/Src/main.o" --specs=nano.specs -mfloat-abi=soft -mthumb -o "Core/Src/main.o"
arm-none-eabi-gcc -o "Demo.elf" @"objects.list"   -mcpu=cortex-m3 -T"P:\Prj\Demo\Demo\STM32F103C8TX_FLASH.ld" --specs=nosys.specs -Wl,-Map="Demo.map" -Wl,--gc-sections -static --specs=nano.specs -mfloat-abi=soft -mthumb -u _printf_float -Wl,--start-group -lc -lm -Wl,--end-group
Finished building target: Demo.elf
 
arm-none-eabi-size   Demo.elf 
arm-none-eabi-objdump -h -S  Demo.elf  > "Demo.list"
   text	   data	    bss	    dec	    hex	filename
  31092	    496	   2264	  33852	   843c	Demo.elf
Finished building: default.size.stdout
 
Finished building: Demo.list
 
06:47:14 **** Incremental Build of configuration Debug for project Demo ****
make -j8 all 
arm-none-eabi-gcc "../Core/Src/main.c" -mcpu=cortex-m3 -std=gnu11 -g3 -DDEBUG -DUSE_HAL_DRIVER -DSTM32F103xB -c -I../Core/Inc -I../Drivers/STM32F1xx_HAL_Driver/Inc/Legacy -I../Drivers/STM32F1xx_HAL_Driver/Inc -I../Drivers/CMSIS/Device/ST/STM32F1xx/Include -I../Drivers/CMSIS/Include -O0 -ffunction-sections -fdata-sections -Wall -fstack-usage -fcyclomatic-complexity -MMD -MP -MF"Core/Src/main.d" -MT"Core/Src/main.o" --specs=nano.specs -mfloat-abi=soft -mthumb -o "Core/Src/main.o"
arm-none-eabi-gcc -o "Demo.elf" @"objects.list"   -mcpu=cortex-m3 -T"P:\Prj\Demo\Demo\STM32F103C8TX_FLASH.ld" --specs=nosys.specs -Wl,-Map="Demo.map" -Wl,--gc-sections -static --specs=nano.specs -mfloat-abi=soft -mthumb -u _printf_float -Wl,--start-group -lc -lm -Wl,--end-group
Finished building target: Demo.elf
 
arm-none-eabi-size   Demo.elf 
arm-none-eabi-objdump -h -S  Demo.elf  > "Demo.list"
   text	   data	    bss	    dec	    hex	filename
  29788	    496	   2256	  32540	   7f1c	Demo.elf
Finished building: default.size.stdout
 
Finished building: Demo.list
 
06:47:56 **** Incremental Build of configuration Debug for project Demo ****
make -j8 all 
arm-none-eabi-gcc "../Core/Src/main.c" -mcpu=cortex-m3 -std=gnu11 -g3 -DDEBUG -DUSE_HAL_DRIVER -DSTM32F103xB -c -I../Core/Inc -I../Drivers/STM32F1xx_HAL_Driver/Inc/Legacy -I../Drivers/STM32F1xx_HAL_Driver/Inc -I../Drivers/CMSIS/Device/ST/STM32F1xx/Include -I../Drivers/CMSIS/Include -O0 -ffunction-sections -fdata-sections -Wall -fstack-usage -fcyclomatic-complexity -MMD -MP -MF"Core/Src/main.d" -MT"Core/Src/main.o" --specs=nano.specs -mfloat-abi=soft -mthumb -o "Core/Src/main.o"
arm-none-eabi-gcc -o "Demo.elf" @"objects.list"   -mcpu=cortex-m3 -T"P:\Prj\Demo\Demo\STM32F103C8TX_FLASH.ld" --specs=nosys.specs -Wl,-Map="Demo.map" -Wl,--gc-sections -static --specs=nano.specs -mfloat-abi=soft -mthumb -u _printf_float -Wl,--start-group -lc -lm -Wl,--end-group
Finished building target: Demo.elf
 
arm-none-eabi-size   Demo.elf 
arm-none-eabi-objdump -h -S  Demo.elf  > "Demo.list"
   text	   data	    bss	    dec	    hex	filename
  29796	    496	   2256	  32548	   7f24	Demo.elf
Finished building: default.size.stdout
 
Finished building: Demo.list
 
06:48:42 **** Incremental Build of configuration Debug for project Demo ****
make -j8 all 
arm-none-eabi-gcc "../Core/Src/main.c" -mcpu=cortex-m3 -std=gnu11 -g3 -DDEBUG -DUSE_HAL_DRIVER -DSTM32F103xB -c -I../Core/Inc -I../Drivers/STM32F1xx_HAL_Driver/Inc/Legacy -I../Drivers/STM32F1xx_HAL_Driver/Inc -I../Drivers/CMSIS/Device/ST/STM32F1xx/Include -I../Drivers/CMSIS/Include -O0 -ffunction-sections -fdata-sections -Wall -fstack-usage -fcyclomatic-complexity -MMD -MP -MF"Core/Src/main.d" -MT"Core/Src/main.o" --specs=nano.specs -mfloat-abi=soft -mthumb -o "Core/Src/main.o"
arm-none-eabi-gcc -o "Demo.elf" @"objects.list"   -mcpu=cortex-m3 -T"P:\Prj\Demo\Demo\STM32F103C8TX_FLASH.ld" --specs=nosys.specs -Wl,-Map="Demo.map" -Wl,--gc-sections -static --specs=nano.specs -mfloat-abi=soft -mthumb -u _printf_float -Wl,--start-group -lc -lm -Wl,--end-group
Finished building target: Demo.elf
 
arm-none-eabi-size   Demo.elf 
arm-none-eabi-objdump -h -S  Demo.elf  > "Demo.list"
   text	   data	    bss	    dec	    hex	filename
  31092	    496	   2264	  33852	   843c	Demo.elf
Finished building: default.size.stdout
 
Finished building: Demo.list
 
06:49:20 **** Incremental Build of configuration Debug for project Demo ****
make -j8 all 
arm-none-eabi-gcc "../Core/Src/main.c" -mcpu=cortex-m3 -std=gnu11 -g3 -DDEBUG -DUSE_HAL_DRIVER -DSTM32F103xB -c -I../Core/Inc -I../Drivers/STM32F1xx_HAL_Driver/Inc/Legacy -I../Drivers/STM32F1xx_HAL_Driver/Inc -I../Drivers/CMSIS/Device/ST/STM32F1xx/Include -I../Drivers/CMSIS/Include -O0 -ffunction-sections -fdata-sections -Wall -fstack-usage -fcyclomatic-complexity -MMD -MP -MF"Core/Src/main.d" -MT"Core/Src/main.o" --specs=nano.specs -mfloat-abi=soft -mthumb -o "Core/Src/main.o"
arm-none-eabi-gcc -o "Demo.elf" @"objects.list"   -mcpu=cortex-m3 -T"P:\Prj\Demo\Demo\STM32F103C8TX_FLASH.ld" --specs=nosys.specs -Wl,-Map="Demo.map" -Wl,--gc-sections -static --specs=nano.specs -mfloat-abi=soft -mthumb -u _printf_float -Wl,--start-group -lc -lm -Wl,--end-group
Finished building target: Demo.elf
 
arm-none-eabi-size   Demo.elf 
arm-none-eabi-objdump -h -S  Demo.elf  > "Demo.list"
   text	   data	    bss	    dec	    hex	filename
  33204	    496	   2272	  35972	   8c84	Demo.elf
Finished building: default.size.stdout
 
Finished building: Demo.list
 
06:50:33 **** Incremental Build of configuration Debug for project Demo ****
make -j8 all 
arm-none-eabi-size   Demo.elf 
   text	   data	    bss	    dec	    hex	filename
  33204	    496	   2272	  35972	   8c84	Demo.elf
Finished building: default.size.stdout
 
06:51:36 **** Incremental Build of configuration Debug for project Demo ****
make -j8 all 
arm-none-eabi-gcc "../Core/Src/main.c" -mcpu=cortex-m3 -std=gnu11 -g3 -DDEBUG -DUSE_HAL_DRIVER -DSTM32F103xB -c -I../Core/Inc -I../Drivers/STM32F1xx_HAL_Driver/Inc/Legacy -I../Drivers/STM32F1xx_HAL_Driver/Inc -I../Drivers/CMSIS/Device/ST/STM32F1xx/Include -I../Drivers/CMSIS/Include -O0 -ffunction-sections -fdata-sections -Wall -fstack-usage -fcyclomatic-complexity -MMD -MP -MF"Core/Src/main.d" -MT"Core/Src/main.o" --specs=nano.specs -mfloat-abi=soft -mthumb -o "Core/Src/main.o"
arm-none-eabi-gcc -o "Demo.elf" @"objects.list"   -mcpu=cortex-m3 -T"P:\Prj\Demo\Demo\STM32F103C8TX_FLASH.ld" --specs=nosys.specs -Wl,-Map="Demo.map" -Wl,--gc-sections -static --specs=nano.specs -mfloat-abi=soft -mthumb -u _printf_float -Wl,--start-group -lc -lm -Wl,--end-group
Finished building target: Demo.elf
 
arm-none-eabi-size   Demo.elf 
arm-none-eabi-objdump -h -S  Demo.elf  > "Demo.list"
   text	   data	    bss	    dec	    hex	filename
  33204	    496	   2272	  35972	   8c84	Demo.elf
Finished building: default.size.stdout
 
Finished building: Demo.list
 
06:52:13 **** Incremental Build of configuration Debug for project Demo ****
make -j8 all 
arm-none-eabi-size   Demo.elf 
   text	   data	    bss	    dec	    hex	filename
  33204	    496	   2272	  35972	   8c84	Demo.elf
Finished building: default.size.stdout
 
06:57:07 **** Incremental Build of configuration Debug for project Demo ****
make -j8 all 
arm-none-eabi-gcc "../Core/Src/main.c" -mcpu=cortex-m3 -std=gnu11 -g3 -DDEBUG -DUSE_HAL_DRIVER -DSTM32F103xB -c -I../Core/Inc -I../Drivers/STM32F1xx_HAL_Driver/Inc/Legacy -I../Drivers/STM32F1xx_HAL_Driver/Inc -I../Drivers/CMSIS/Device/ST/STM32F1xx/Include -I../Drivers/CMSIS/Include -O0 -ffunction-sections -fdata-sections -Wall -fstack-usage -fcyclomatic-complexity -MMD -MP -MF"Core/Src/main.d" -MT"Core/Src/main.o" --specs=nano.specs -mfloat-abi=soft -mthumb -o "Core/Src/main.o"
../Core/Src/main.c: In function 'HAL_UART_RxCpltCallback':
../Core/Src/main.c:393:17: error: 'txbuffer_flash' undeclared (first use in this function)
  393 |                 txbuffer_flash[0] = 49; // value = 1 is converted to ascii code
      |                 ^~~~~~~~~~~~~~
../Core/Src/main.c:393:17: note: each undeclared identifier is reported only once for each function it appears in
../Core/Src/main.c:395:55: error: invalid operands to binary / (have 'uint8_t *' {aka 'unsigned char *'} and 'int')
  395 |                 txbuffer_flash[2] = temperature_eeprom/10+48;
      |                                     ~~~~~~~~~~~~~~~~~~^
      |                                     |
      |                                     uint8_t * {aka unsigned char *}
../Core/Src/main.c:396:55: error: invalid operands to binary % (have 'uint8_t *' {aka 'unsigned char *'} and 'int')
  396 |                 txbuffer_flash[3] = temperature_eeprom%10+48;
      |                                     ~~~~~~~~~~~~~~~~~~^
      |                                     |
      |                                     uint8_t * {aka unsigned char *}
../Core/Src/main.c:398:52: error: invalid operands to binary / (have 'uint8_t *' {aka 'unsigned char *'} and 'int')
  398 |                 txbuffer_flash[5] = humidity_eeprom/10+48;
      |                                     ~~~~~~~~~~~~~~~^
      |                                     |
      |                                     uint8_t * {aka unsigned char *}
../Core/Src/main.c:399:52: error: invalid operands to binary % (have 'uint8_t *' {aka 'unsigned char *'} and 'int')
  399 |                 txbuffer_flash[6] = humidity_eeprom%10+48;
      |                                     ~~~~~~~~~~~~~~~^
      |                                     |
      |                                     uint8_t * {aka unsigned char *}
make: *** [Core/Src/subdir.mk:34: Core/Src/main.o] Error 1
"make -j8 all" terminated with exit code 2. Build might be incomplete.
06:58:39 **** Incremental Build of configuration Debug for project Demo ****
make -j8 all 
arm-none-eabi-gcc "../Core/Src/main.c" -mcpu=cortex-m3 -std=gnu11 -g3 -DDEBUG -DUSE_HAL_DRIVER -DSTM32F103xB -c -I../Core/Inc -I../Drivers/STM32F1xx_HAL_Driver/Inc/Legacy -I../Drivers/STM32F1xx_HAL_Driver/Inc -I../Drivers/CMSIS/Device/ST/STM32F1xx/Include -I../Drivers/CMSIS/Include -O0 -ffunction-sections -fdata-sections -Wall -fstack-usage -fcyclomatic-complexity -MMD -MP -MF"Core/Src/main.d" -MT"Core/Src/main.o" --specs=nano.specs -mfloat-abi=soft -mthumb -o "Core/Src/main.o"
arm-none-eabi-gcc -o "Demo.elf" @"objects.list"   -mcpu=cortex-m3 -T"P:\Prj\Demo\Demo\STM32F103C8TX_FLASH.ld" --specs=nosys.specs -Wl,-Map="Demo.map" -Wl,--gc-sections -static --specs=nano.specs -mfloat-abi=soft -mthumb -u _printf_float -Wl,--start-group -lc -lm -Wl,--end-group
Finished building target: Demo.elf
 
arm-none-eabi-size   Demo.elf 
arm-none-eabi-objdump -h -S  Demo.elf  > "Demo.list"
   text	   data	    bss	    dec	    hex	filename
  33100	    496	   2264	  35860	   8c14	Demo.elf
Finished building: default.size.stdout
 
Finished building: Demo.list
 
06:58:50 **** Incremental Build of configuration Debug for project Demo ****
make -j8 all 
arm-none-eabi-size   Demo.elf 
   text	   data	    bss	    dec	    hex	filename
  33100	    496	   2264	  35860	   8c14	Demo.elf
Finished building: default.size.stdout
 
07:03:28 **** Incremental Build of configuration Debug for project Demo ****
make -j8 all 
arm-none-eabi-gcc "../Core/Src/main.c" -mcpu=cortex-m3 -std=gnu11 -g3 -DDEBUG -DUSE_HAL_DRIVER -DSTM32F103xB -c -I../Core/Inc -I../Drivers/STM32F1xx_HAL_Driver/Inc/Legacy -I../Drivers/STM32F1xx_HAL_Driver/Inc -I../Drivers/CMSIS/Device/ST/STM32F1xx/Include -I../Drivers/CMSIS/Include -O0 -ffunction-sections -fdata-sections -Wall -fstack-usage -fcyclomatic-complexity -MMD -MP -MF"Core/Src/main.d" -MT"Core/Src/main.o" --specs=nano.specs -mfloat-abi=soft -mthumb -o "Core/Src/main.o"
arm-none-eabi-gcc -o "Demo.elf" @"objects.list"   -mcpu=cortex-m3 -T"P:\Prj\Demo\Demo\STM32F103C8TX_FLASH.ld" --specs=nosys.specs -Wl,-Map="Demo.map" -Wl,--gc-sections -static --specs=nano.specs -mfloat-abi=soft -mthumb -u _printf_float -Wl,--start-group -lc -lm -Wl,--end-group
Finished building target: Demo.elf
 
arm-none-eabi-size   Demo.elf 
arm-none-eabi-objdump -h -S  Demo.elf  > "Demo.list"
   text	   data	    bss	    dec	    hex	filename
  33100	    496	   2264	  35860	   8c14	Demo.elf
Finished building: default.size.stdout
 
Finished building: Demo.list
 
07:04:27 **** Incremental Build of configuration Debug for project Demo ****
make -j8 all 
arm-none-eabi-gcc "../Core/Src/main.c" -mcpu=cortex-m3 -std=gnu11 -g3 -DDEBUG -DUSE_HAL_DRIVER -DSTM32F103xB -c -I../Core/Inc -I../Drivers/STM32F1xx_HAL_Driver/Inc/Legacy -I../Drivers/STM32F1xx_HAL_Driver/Inc -I../Drivers/CMSIS/Device/ST/STM32F1xx/Include -I../Drivers/CMSIS/Include -O0 -ffunction-sections -fdata-sections -Wall -fstack-usage -fcyclomatic-complexity -MMD -MP -MF"Core/Src/main.d" -MT"Core/Src/main.o" --specs=nano.specs -mfloat-abi=soft -mthumb -o "Core/Src/main.o"
arm-none-eabi-gcc -o "Demo.elf" @"objects.list"   -mcpu=cortex-m3 -T"P:\Prj\Demo\Demo\STM32F103C8TX_FLASH.ld" --specs=nosys.specs -Wl,-Map="Demo.map" -Wl,--gc-sections -static --specs=nano.specs -mfloat-abi=soft -mthumb -u _printf_float -Wl,--start-group -lc -lm -Wl,--end-group
Finished building target: Demo.elf
 
arm-none-eabi-size   Demo.elf 
arm-none-eabi-objdump -h -S  Demo.elf  > "Demo.list"
   text	   data	    bss	    dec	    hex	filename
  33100	    496	   2264	  35860	   8c14	Demo.elf
Finished building: default.size.stdout
 
Finished building: Demo.list
 
07:04:42 **** Incremental Build of configuration Debug for project Demo ****
make -j8 all 
arm-none-eabi-size   Demo.elf 
   text	   data	    bss	    dec	    hex	filename
  33100	    496	   2264	  35860	   8c14	Demo.elf
Finished building: default.size.stdout
 
